C:\Users\ferok\Documents\MCUXpressoIDE_25.6.136\workspace_FRDMMCXN947\CTIMER0_GPIO00_LEDRGB-ConInterrupciones\CMSIS/core_cm33.h:2358:22:__NVIC_EnableIRQ	16	static
C:\Users\ferok\Documents\MCUXpressoIDE_25.6.136\workspace_FRDMMCXN947\CTIMER0_GPIO00_LEDRGB-ConInterrupciones\drivers/fsl_common_arm.h:672:24:EnableIRQ	24	static
C:\Users\ferok\Documents\MCUXpressoIDE_25.6.136\workspace_FRDMMCXN947\CTIMER0_GPIO00_LEDRGB-ConInterrupciones\drivers/fsl_gpio.h:345:20:GPIO_PinWrite	24	static
C:\Users\ferok\Documents\MCUXpressoIDE_25.6.136\workspace_FRDMMCXN947\CTIMER0_GPIO00_LEDRGB-ConInterrupciones\drivers/fsl_gpio.h:389:20:GPIO_PortClear	16	static
C:\Users\ferok\Documents\MCUXpressoIDE_25.6.136\workspace_FRDMMCXN947\CTIMER0_GPIO00_LEDRGB-ConInterrupciones\drivers/fsl_gpio.h:404:20:GPIO_PortToggle	16	static
C:\Users\ferok\Documents\MCUXpressoIDE_25.6.136\workspace_FRDMMCXN947\CTIMER0_GPIO00_LEDRGB-ConInterrupciones\drivers/fsl_ctimer.h:500:20:CTIMER_ClearStatusFlags	16	static
C:\Users\ferok\Documents\MCUXpressoIDE_25.6.136\workspace_FRDMMCXN947\CTIMER0_GPIO00_LEDRGB-ConInterrupciones\drivers/fsl_ctimer.h:517:20:CTIMER_StartTimer	16	static
C:\Users\ferok\Documents\MCUXpressoIDE_25.6.136\workspace_FRDMMCXN947\CTIMER0_GPIO00_LEDRGB-ConInterrupciones\drivers/fsl_dac.h:284:20:DAC_Enable	16	static
C:\Users\ferok\Documents\MCUXpressoIDE_25.6.136\workspace_FRDMMCXN947\CTIMER0_GPIO00_LEDRGB-ConInterrupciones\drivers/fsl_dac.h:393:20:DAC_SetData	16	static
../source/CTIMER0_GPIO00_LEDRGB-ConInterrupciones.c:51:5:main	16	static
../source/CTIMER0_GPIO00_LEDRGB-ConInterrupciones.c:77:6:genWaveForm	16	static
../source/CTIMER0_GPIO00_LEDRGB-ConInterrupciones.c:86:6:confTimer0	40	static
../source/CTIMER0_GPIO00_LEDRGB-ConInterrupciones.c:105:7:CTIMER0_IRQHandler	8	static
../source/CTIMER0_GPIO00_LEDRGB-ConInterrupciones.c:119:6:GPIO00_IRQHandler	8	static
