/home/abel/Documents/MCUXpresso_25.6.136/workspaceMCX/frdmmcxn947_lpadc_interrupt_cm33_core0/CMSIS/core_cm33.h:2358:22:__NVIC_EnableIRQ	16	static
/home/abel/Documents/MCUXpresso_25.6.136/workspaceMCX/frdmmcxn947_lpadc_interrupt_cm33_core0/drivers/fsl_common_arm.h:672:24:EnableIRQ	24	static
/home/abel/Documents/MCUXpresso_25.6.136/workspaceMCX/frdmmcxn947_lpadc_interrupt_cm33_core0/drivers/fsl_lpadc.h:938:20:LPADC_EnableInterrupts	16	static
/home/abel/Documents/MCUXpresso_25.6.136/workspaceMCX/frdmmcxn947_lpadc_interrupt_cm33_core0/drivers/fsl_lpadc.h:1128:20:LPADC_DoSoftwareTrigger	16	static
../source/lpadc_interrupt.c:40:6:ADC0_IRQHandler	8	static
../source/lpadc_interrupt.c:57:5:main	88	static
