C:\Users\ferok\Documents\MCUXpressoIDE_25.6.136\workspace_FRDMMCXN947\CTIMER0_GPIO00_DAC0_pruebaRampa\CMSIS/core_cm33.h:2358:22:__NVIC_EnableIRQ	16	static
C:\Users\ferok\Documents\MCUXpressoIDE_25.6.136\workspace_FRDMMCXN947\CTIMER0_GPIO00_DAC0_pruebaRampa\drivers/fsl_common_arm.h:672:24:EnableIRQ	24	static
C:\Users\ferok\Documents\MCUXpressoIDE_25.6.136\workspace_FRDMMCXN947\CTIMER0_GPIO00_DAC0_pruebaRampa\drivers/fsl_gpio.h:404:20:GPIO_PortToggle	16	static
C:\Users\ferok\Documents\MCUXpressoIDE_25.6.136\workspace_FRDMMCXN947\CTIMER0_GPIO00_DAC0_pruebaRampa\drivers/fsl_ctimer.h:500:20:CTIMER_ClearStatusFlags	16	static
C:\Users\ferok\Documents\MCUXpressoIDE_25.6.136\workspace_FRDMMCXN947\CTIMER0_GPIO00_DAC0_pruebaRampa\drivers/fsl_dac.h:284:20:DAC_Enable	16	static
C:\Users\ferok\Documents\MCUXpressoIDE_25.6.136\workspace_FRDMMCXN947\CTIMER0_GPIO00_DAC0_pruebaRampa\drivers/fsl_dac.h:393:20:DAC_SetData	16	static
C:\Users\ferok\Documents\MCUXpressoIDE_25.6.136\workspace_FRDMMCXN947\CTIMER0_GPIO00_DAC0_pruebaRampa\drivers/fsl_lpadc.h:878:24:LPADC_GetStatusFlags	16	static
C:\Users\ferok\Documents\MCUXpressoIDE_25.6.136\workspace_FRDMMCXN947\CTIMER0_GPIO00_DAC0_pruebaRampa\drivers/fsl_lpadc.h:891:20:LPADC_ClearStatusFlags	16	static
C:\Users\ferok\Documents\MCUXpressoIDE_25.6.136\workspace_FRDMMCXN947\CTIMER0_GPIO00_DAC0_pruebaRampa\drivers/fsl_lpadc.h:904:24:LPADC_GetTriggerStatusFlags	16	static
C:\Users\ferok\Documents\MCUXpressoIDE_25.6.136\workspace_FRDMMCXN947\CTIMER0_GPIO00_DAC0_pruebaRampa\drivers/fsl_lpadc.h:916:20:LPADC_ClearTriggerStatusFlags	16	static
C:\Users\ferok\Documents\MCUXpressoIDE_25.6.136\workspace_FRDMMCXN947\CTIMER0_GPIO00_DAC0_pruebaRampa\drivers/fsl_lpadc.h:938:20:LPADC_EnableInterrupts	16	static
../source/CTIMER0_GPIO00_LEDRGB-ConInterrupciones.c:60:5:main	16	static
../source/CTIMER0_GPIO00_LEDRGB-ConInterrupciones.c:89:6:genWaveForm	16	static
../source/CTIMER0_GPIO00_LEDRGB-ConInterrupciones.c:117:6:setNewMatch	16	static
../source/CTIMER0_GPIO00_LEDRGB-ConInterrupciones.c:129:6:confADC	8	static
../source/CTIMER0_GPIO00_LEDRGB-ConInterrupciones.c:142:6:confDAC	8	static
../source/CTIMER0_GPIO00_LEDRGB-ConInterrupciones.c:149:6:confGPIO	8	static
../source/CTIMER0_GPIO00_LEDRGB-ConInterrupciones.c:154:7:CTIMER0_IRQHandler	8	static
../source/CTIMER0_GPIO00_LEDRGB-ConInterrupciones.c:173:6:GPIO00_IRQHandler	8	static
../source/CTIMER0_GPIO00_LEDRGB-ConInterrupciones.c:205:6:ADC0_IRQHandler	32	static
