/home/abel/Documents/MCUXpresso_25.6.136/workspaceMCX/frdmmcxn947_lpadc_interrupt_cm33_core0/CMSIS/core_cm33.h:2358:22:__NVIC_EnableIRQ	16	static
/home/abel/Documents/MCUXpresso_25.6.136/workspaceMCX/frdmmcxn947_lpadc_interrupt_cm33_core0/drivers/fsl_clock.h:1488:20:CLOCK_EnableClock	24	static
/home/abel/Documents/MCUXpresso_25.6.136/workspaceMCX/frdmmcxn947_lpadc_interrupt_cm33_core0/drivers/fsl_common_arm.h:672:24:EnableIRQ	24	static
/home/abel/Documents/MCUXpresso_25.6.136/workspaceMCX/frdmmcxn947_lpadc_interrupt_cm33_core0/drivers/fsl_lpadc.h:938:20:LPADC_EnableInterrupts	16	static
/home/abel/Documents/MCUXpresso_25.6.136/workspaceMCX/frdmmcxn947_lpadc_interrupt_cm33_core0/drivers/fsl_lpadc.h:1128:20:LPADC_DoSoftwareTrigger	16	static
/home/abel/Documents/MCUXpresso_25.6.136/workspaceMCX/frdmmcxn947_lpadc_interrupt_cm33_core0/drivers/fsl_spc.h:1093:20:SPC_EnableActiveModeAnalogModules	16	static
/home/abel/Documents/MCUXpresso_25.6.136/workspaceMCX/frdmmcxn947_lpadc_interrupt_cm33_core0/drivers/fsl_port.h:360:20:PORT_SetPinConfig	32	static
/home/abel/Documents/MCUXpresso_25.6.136/workspaceMCX/frdmmcxn947_lpadc_interrupt_cm33_core0/drivers/fsl_port.h:463:20:PORT_SetPinMux	24	static
/home/abel/Documents/MCUXpresso_25.6.136/workspaceMCX/frdmmcxn947_lpadc_interrupt_cm33_core0/drivers/fsl_dac.h:284:20:DAC_Enable	16	static
/home/abel/Documents/MCUXpresso_25.6.136/workspaceMCX/frdmmcxn947_lpadc_interrupt_cm33_core0/drivers/fsl_dac.h:393:20:DAC_SetData	16	static
../source/lpadc_interrupt.c:156:6:ADC0_IRQHandler	8	static
../source/lpadc_interrupt.c:173:5:main	88	static
../source/lpadc_interrupt.c:305:6:loadData	16	static
../source/lpadc_interrupt.c:312:6:showBuffer	16	static
../source/lpadc_interrupt.c:318:6:configDacPin	8	static
../source/lpadc_interrupt.c:331:6:configDac	40	static
../source/lpadc_interrupt.c:341:6:configClocks	8	static
../source/lpadc_interrupt.c:358:6:configMat0Pin	16	static
../source/lpadc_interrupt.c:383:6:configMat1Pin	16	static
../source/lpadc_interrupt.c:408:6:configTimer	4	static
../source/lpadc_interrupt.c:435:6:showDataInDAC	8	static
../source/lpadc_interrupt.c:445:6:delay	24	static
