/home/abel/Documents/MCUXpresso_25.6.136/workspaceMCX/frdmmcxn947_lpadc_interrupt_cm33_core0/CMSIS/core_cm33.h:2358:22:__NVIC_EnableIRQ	16	static
/home/abel/Documents/MCUXpresso_25.6.136/workspaceMCX/frdmmcxn947_lpadc_interrupt_cm33_core0/drivers/fsl_clock.h:1488:20:CLOCK_EnableClock	24	static
/home/abel/Documents/MCUXpresso_25.6.136/workspaceMCX/frdmmcxn947_lpadc_interrupt_cm33_core0/drivers/fsl_common_arm.h:672:24:EnableIRQ	24	static
/home/abel/Documents/MCUXpresso_25.6.136/workspaceMCX/frdmmcxn947_lpadc_interrupt_cm33_core0/drivers/fsl_lpadc.h:938:20:LPADC_EnableInterrupts	16	static
/home/abel/Documents/MCUXpresso_25.6.136/workspaceMCX/frdmmcxn947_lpadc_interrupt_cm33_core0/drivers/fsl_lpadc.h:1128:20:LPADC_DoSoftwareTrigger	16	static
/home/abel/Documents/MCUXpresso_25.6.136/workspaceMCX/frdmmcxn947_lpadc_interrupt_cm33_core0/drivers/fsl_spc.h:1093:20:SPC_EnableActiveModeAnalogModules	16	static
/home/abel/Documents/MCUXpresso_25.6.136/workspaceMCX/frdmmcxn947_lpadc_interrupt_cm33_core0/drivers/fsl_port.h:463:20:PORT_SetPinMux	24	static
/home/abel/Documents/MCUXpresso_25.6.136/workspaceMCX/frdmmcxn947_lpadc_interrupt_cm33_core0/drivers/fsl_dac.h:284:20:DAC_Enable	16	static
/home/abel/Documents/MCUXpresso_25.6.136/workspaceMCX/frdmmcxn947_lpadc_interrupt_cm33_core0/drivers/fsl_dac.h:393:20:DAC_SetData	16	static
/home/abel/Documents/MCUXpresso_25.6.136/workspaceMCX/frdmmcxn947_lpadc_interrupt_cm33_core0/drivers/fsl_ctimer.h:500:20:CTIMER_ClearStatusFlags	16	static
/home/abel/Documents/MCUXpresso_25.6.136/workspaceMCX/frdmmcxn947_lpadc_interrupt_cm33_core0/drivers/fsl_ctimer.h:517:20:CTIMER_StartTimer	16	static
../source/lpadc_interrupt.c:157:6:ADC0_IRQHandler	8	static
../source/lpadc_interrupt.c:174:5:main	88	static
../source/lpadc_interrupt.c:297:6:loadData	16	static
../source/lpadc_interrupt.c:304:6:showBuffer	16	static
../source/lpadc_interrupt.c:310:6:configDacPin	8	static
../source/lpadc_interrupt.c:323:6:configDac	40	static
../source/lpadc_interrupt.c:333:6:configClocks	8	static
../source/lpadc_interrupt.c:360:6:configMat3Pin	8	static
../source/lpadc_interrupt.c:374:6:configTimerMatch	32	static
../source/lpadc_interrupt.c:401:7:CTIMER0_IRQHandler	8	static
../source/lpadc_interrupt.c:448:6:showDataInDAC	8	static
../source/lpadc_interrupt.c:458:6:delay	24	static
