Archive member included to satisfy reference by file (symbol)

/usr/local/mcuxpressoide-25.6.136/ide/plugins/com.nxp.mcuxpresso.tools.linux_25.6.0.202501151204/tools/bin/../lib/gcc/arm-none-eabi/14.2.1/../../../../arm-none-eabi/lib/thumb/v8-m.main+fp/hard/libcr_nohost_nf.a(_cr__main.o)
                              ./startup/startup_mcxn947_cm33_core0.o (__main)
/usr/local/mcuxpressoide-25.6.136/ide/plugins/com.nxp.mcuxpresso.tools.linux_25.6.0.202501151204/tools/bin/../lib/gcc/arm-none-eabi/14.2.1/../../../../arm-none-eabi/lib/thumb/v8-m.main+fp/hard/libcr_c.a(memset.o)
                              ./drivers/fsl_lpadc.o (memset)
/usr/local/mcuxpressoide-25.6.136/ide/plugins/com.nxp.mcuxpresso.tools.linux_25.6.0.202501151204/tools/bin/../lib/gcc/arm-none-eabi/14.2.1/../../../../arm-none-eabi/lib/thumb/v8-m.main+fp/hard/libcr_c.a(alloc.o)
                              ./drivers/fsl_common.o (malloc)
/usr/local/mcuxpressoide-25.6.136/ide/plugins/com.nxp.mcuxpresso.tools.linux_25.6.0.202501151204/tools/bin/../lib/gcc/arm-none-eabi/14.2.1/../../../../arm-none-eabi/lib/thumb/v8-m.main+fp/hard/libcr_c.a(errno.o)
                              ./utilities/str/fsl_str.o (errno)
/usr/local/mcuxpressoide-25.6.136/ide/plugins/com.nxp.mcuxpresso.tools.linux_25.6.0.202501151204/tools/bin/../lib/gcc/arm-none-eabi/14.2.1/../../../../arm-none-eabi/lib/thumb/v8-m.main+fp/hard/libcr_c.a(initio.o)
                              /usr/local/mcuxpressoide-25.6.136/ide/plugins/com.nxp.mcuxpresso.tools.linux_25.6.0.202501151204/tools/bin/../lib/gcc/arm-none-eabi/14.2.1/../../../../arm-none-eabi/lib/thumb/v8-m.main+fp/hard/libcr_nohost_nf.a(_cr__main.o) (_initio)
/usr/local/mcuxpressoide-25.6.136/ide/plugins/com.nxp.mcuxpresso.tools.linux_25.6.0.202501151204/tools/bin/../lib/gcc/arm-none-eabi/14.2.1/../../../../arm-none-eabi/lib/thumb/v8-m.main+fp/hard/libcr_c.a(scanf.o)
                              ./utilities/str/fsl_str.o (strtoul)
/usr/local/mcuxpressoide-25.6.136/ide/plugins/com.nxp.mcuxpresso.tools.linux_25.6.0.202501151204/tools/bin/../lib/gcc/arm-none-eabi/14.2.1/../../../../arm-none-eabi/lib/thumb/v8-m.main+fp/hard/libcr_c.a(setvbuf.o)
                              /usr/local/mcuxpressoide-25.6.136/ide/plugins/com.nxp.mcuxpresso.tools.linux_25.6.0.202501151204/tools/bin/../lib/gcc/arm-none-eabi/14.2.1/../../../../arm-none-eabi/lib/thumb/v8-m.main+fp/hard/libcr_c.a(initio.o) (setvbuf)
/usr/local/mcuxpressoide-25.6.136/ide/plugins/com.nxp.mcuxpresso.tools.linux_25.6.0.202501151204/tools/bin/../lib/gcc/arm-none-eabi/14.2.1/../../../../arm-none-eabi/lib/thumb/v8-m.main+fp/hard/libcr_c.a(strlen.o)
                              ./utilities/str/fsl_str.o (strlen)
/usr/local/mcuxpressoide-25.6.136/ide/plugins/com.nxp.mcuxpresso.tools.linux_25.6.0.202501151204/tools/bin/../lib/gcc/arm-none-eabi/14.2.1/../../../../arm-none-eabi/lib/thumb/v8-m.main+fp/hard/libcr_c.a(ungetc.o)
                              /usr/local/mcuxpressoide-25.6.136/ide/plugins/com.nxp.mcuxpresso.tools.linux_25.6.0.202501151204/tools/bin/../lib/gcc/arm-none-eabi/14.2.1/../../../../arm-none-eabi/lib/thumb/v8-m.main+fp/hard/libcr_c.a(scanf.o) (ungetc)
/usr/local/mcuxpressoide-25.6.136/ide/plugins/com.nxp.mcuxpresso.tools.linux_25.6.0.202501151204/tools/bin/../lib/gcc/arm-none-eabi/14.2.1/../../../../arm-none-eabi/lib/thumb/v8-m.main+fp/hard/libcr_c.a(__fillbuf.o)
                              /usr/local/mcuxpressoide-25.6.136/ide/plugins/com.nxp.mcuxpresso.tools.linux_25.6.0.202501151204/tools/bin/../lib/gcc/arm-none-eabi/14.2.1/../../../../arm-none-eabi/lib/thumb/v8-m.main+fp/hard/libcr_c.a(scanf.o) (__filbuf)
/usr/local/mcuxpressoide-25.6.136/ide/plugins/com.nxp.mcuxpresso.tools.linux_25.6.0.202501151204/tools/bin/../lib/gcc/arm-none-eabi/14.2.1/../../../../arm-none-eabi/lib/thumb/v8-m.main+fp/hard/libcr_c.a(__init_alloc.o)
                              /usr/local/mcuxpressoide-25.6.136/ide/plugins/com.nxp.mcuxpresso.tools.linux_25.6.0.202501151204/tools/bin/../lib/gcc/arm-none-eabi/14.2.1/../../../../arm-none-eabi/lib/thumb/v8-m.main+fp/hard/libcr_c.a(alloc.o) (__heaps)
/usr/local/mcuxpressoide-25.6.136/ide/plugins/com.nxp.mcuxpresso.tools.linux_25.6.0.202501151204/tools/bin/../lib/gcc/arm-none-eabi/14.2.1/../../../../arm-none-eabi/lib/thumb/v8-m.main+fp/hard/libcr_c.a(_cr_sbrk.o)
                              /usr/local/mcuxpressoide-25.6.136/ide/plugins/com.nxp.mcuxpresso.tools.linux_25.6.0.202501151204/tools/bin/../lib/gcc/arm-none-eabi/14.2.1/../../../../arm-none-eabi/lib/thumb/v8-m.main+fp/hard/libcr_c.a(alloc.o) (_sbrk)
/usr/local/mcuxpressoide-25.6.136/ide/plugins/com.nxp.mcuxpresso.tools.linux_25.6.0.202501151204/tools/bin/../lib/gcc/arm-none-eabi/14.2.1/../../../../arm-none-eabi/lib/thumb/v8-m.main+fp/hard/libcr_c.a(_deferredlazyseek.o)
[...]
Memory Configuration

Name             Origin             Length             Attributes
PROGRAM_FLASH0   0x00000000         0x00100000         xr
PROGRAM_FLASH1   0x00100000         0x00100000         xr
SRAM             0x20000000         0x00060000         xrw
SRAMX            0x04000000         0x00018000         xrw
SRAMH            0x20060000         0x00008000         xrw
USB_RAM          0x400ba000         0x00001000         xrw
*default*        0x00000000         0xffffffff

Linker script and memory map

LOAD ./utilities/str/fsl_str.o
LOAD ./utilities/debug_console_lite/fsl_debug_console.o
LOAD ./utilities/fsl_assert.o
LOAD ./utilities/fsl_memcpy.o
LOAD ./startup/boot_multicore_slave.o
LOAD ./startup/startup_mcxn947_cm33_core0.o
LOAD ./source/lpadc_interrupt.o
LOAD ./source/semihost_hardfault.o
LOAD ./drivers/fsl_clock.o
LOAD ./drivers/fsl_common.o
LOAD ./drivers/fsl_common_arm.o
LOAD ./drivers/fsl_gpio.o
LOAD ./drivers/fsl_inputmux.o
LOAD ./drivers/fsl_lpadc.o
LOAD ./drivers/fsl_lpflexcomm.o
LOAD ./drivers/fsl_lpuart.o
LOAD ./drivers/fsl_reset.o
LOAD ./drivers/fsl_spc.o
LOAD ./drivers/fsl_vref.o
LOAD ./device/system_MCXN947_cm33_core0.o
LOAD ./component/uart/fsl_adapter_lpuart.o
LOAD ./board/board.o
LOAD ./board/clock_config.o
LOAD ./board/hardware_init.o
LOAD ./board/pin_mux.o
START GROUP
LOAD /usr/local/mcuxpressoide-25.6.136/ide/plugins/com.nxp.mcuxpresso.tools.linux_25.6.0.202501151204/tools/bin/../lib/gcc/arm-none-eabi/14.2.1/../../../../arm-none-eabi/lib/thumb/v8-m.main+fp/hard/libcr_nohost_nf.a
LOAD /usr/local/mcuxpressoide-25.6.136/ide/plugins/com.nxp.mcuxpresso.tools.linux_25.6.0.202501151204/tools/bin/../lib/gcc/arm-none-eabi/14.2.1/../../../../arm-none-eabi/lib/thumb/v8-m.main+fp/hard/libcr_c.a
LOAD /usr/local/mcuxpressoide-25.6.136/ide/plugins/com.nxp.mcuxpresso.tools.linux_25.6.0.202501151204/tools/bin/../lib/gcc/arm-none-eabi/14.2.1/thumb/v8-m.main+fp/hard/libcr_eabihelpers.a
LOAD /usr/local/mcuxpressoide-25.6.136/ide/plugins/com.nxp.mcuxpresso.tools.linux_25.6.0.202501151204/tools/bin/../lib/gcc/arm-none-eabi/14.2.1/thumb/v8-m.main+fp/hard/libgcc.a
END GROUP
                0x00000000                        __base_PROGRAM_FLASH0 = 0x0
                0x00000000                        __base_Flash = 0x0
                0x00100000                        __top_PROGRAM_FLASH0 = 0x100000
                0x00100000                        __top_Flash = 0x100000
                0x00100000                        __base_PROGRAM_FLASH1 = 0x100000
                0x00100000                        __base_Flash2 = 0x100000
                0x00200000                        __top_PROGRAM_FLASH1 = 0x200000
                0x00200000                        __top_Flash2 = 0x200000
                0x20000000                        __base_SRAM = 0x20000000
                0x20000000                        __base_RAM = 0x20000000
                0x20060000                        __top_SRAM = 0x20060000
                0x20060000                        __top_RAM = 0x20060000
                0x04000000                        __base_SRAMX = 0x4000000
                0x04000000                        __base_RAM2 = 0x4000000
                0x04018000                        __top_SRAMX = 0x4018000
                0x04018000                        __top_RAM2 = 0x4018000
                0x20060000                        __base_SRAMH = 0x20060000
                0x20060000                        __base_RAM3 = 0x20060000
                0x20068000                        __top_SRAMH = 0x20068000
                0x20068000                        __top_RAM3 = 0x20068000
                0x400ba000                        __base_USB_RAM = 0x400ba000
                0x400ba000                        __base_RAM4 = 0x400ba000
                0x400bb000                        __top_USB_RAM = 0x400bb000
                0x400bb000                        __top_RAM4 = 0x400bb000

.text_Flash2    0x00100000        0x0
 FILL mask 0xff
 *(SORT_BY_ALIGNMENT(.text_Flash2))
 *(SORT_BY_ALIGNMENT(.text_PROGRAM_FLASH1))
 *(SORT_BY_ALIGNMENT(.text.$Flash2))
 *(SORT_BY_ALIGNMENT(.text.$PROGRAM_FLASH1))
 *(SORT_BY_ALIGNMENT(.text_Flash2.*))
 *(SORT_BY_ALIGNMENT(.text_PROGRAM_FLASH1.*))
 *(SORT_BY_ALIGNMENT(.text.$Flash2.*))
 *(SORT_BY_ALIGNMENT(.text.$PROGRAM_FLASH1.*))
 *(SORT_BY_ALIGNMENT(.rodata.$Flash2))
 *(SORT_BY_ALIGNMENT(.rodata.$PROGRAM_FLASH1))
 *(SORT_BY_ALIGNMENT(.rodata.$Flash2.*))
 *(SORT_BY_ALIGNMENT(.rodata.$PROGRAM_FLASH1.*))

.text           0x00000000     0x507c
 FILL mask 0xff
                0x00000000                        __vectors_start__ = ABSOLUTE (.)
 *(SORT_BY_ALIGNMENT(.isr_vector))
 .isr_vector    0x00000000      0x2b0 ./startup/startup_mcxn947_cm33_core0.o
                0x00000000                __Vectors
                0x00000000                g_pfnVectors
                0x000002b0                        . = ALIGN (0x4)
                0x000002b0                        __section_table_start = .
                0x000002b0                        __data_section_table = .
                0x000002b0        0x4 LONG 0x507c LOADADDR (.data)
                0x000002b4        0x4 LONG 0x20000000 ADDR (.data)
                0x000002b8        0x4 LONG 0xc SIZEOF (.data)
                0x000002bc        0x4 LONG 0x507c LOADADDR (.data_RAM2)
                0x000002c0        0x4 LONG 0x4000000 ADDR (.data_RAM2)
                0x000002c4        0x4 LONG 0x0 SIZEOF (.data_RAM2)
                0x000002c8        0x4 LONG 0x507c LOADADDR (.data_RAM3)
                0x000002cc        0x4 LONG 0x20060000 ADDR (.data_RAM3)
                0x000002d0        0x4 LONG 0x0 SIZEOF (.data_RAM3)
                0x000002d4        0x4 LONG 0x507c LOADADDR (.data_RAM4)
                0x000002d8        0x4 LONG 0x400ba000 ADDR (.data_RAM4)
                0x000002dc        0x4 LONG 0x0 SIZEOF (.data_RAM4)
                0x000002e0                        __data_section_table_end = .
                0x000002e0                        __bss_section_table = .
                0x000002e0        0x4 LONG 0x2000000c ADDR (.bss)
                0x000002e4        0x4 LONG 0x224 SIZEOF (.bss)
                0x000002e8        0x4 LONG 0x4000000 ADDR (.bss_RAM2)
                0x000002ec        0x4 LONG 0x0 SIZEOF (.bss_RAM2)
                0x000002f0        0x4 LONG 0x20060000 ADDR (.bss_RAM3)
                0x000002f4        0x4 LONG 0x0 SIZEOF (.bss_RAM3)
                0x000002f8        0x4 LONG 0x400ba000 ADDR (.bss_RAM4)
                0x000002fc        0x4 LONG 0x0 SIZEOF (.bss_RAM4)
                0x00000300                        __bss_section_table_end = .
                0x00000300                        __section_table_end = .
 *(SORT_BY_ALIGNMENT(.after_vectors*))
 .after_vectors.reset
                0x00000300       0x68 ./startup/startup_mcxn947_cm33_core0.o
                0x00000300                ResetISR
 .after_vectors.init_data
                0x00000368       0x1e ./startup/startup_mcxn947_cm33_core0.o
                0x00000368                data_init
 .after_vectors.init_bss
                0x00000386       0x12 ./startup/startup_mcxn947_cm33_core0.o
                0x00000386                bss_init
 .after_vectors
                0x00000398       0x16 ./startup/startup_mcxn947_cm33_core0.o
                0x00000398                NMI_Handler
                0x0000039c                MemManage_Handler
                0x0000039e                BusFault_Handler
                0x000003a0                UsageFault_Handler
                0x000003a2                SecureFault_Handler
                0x000003a4                SVC_Handler
                0x000003a6                DebugMon_Handler
                0x000003a8                PendSV_Handler
                0x000003aa                SysTick_Handler
                0x000003ac                HSCMP1_DriverIRQHandler
                0x000003ac                EDMA_1_CH5_DriverIRQHandler
                0x000003ac                PINT0_DriverIRQHandler
                0x000003ac                WWDT1_DriverIRQHandler
                0x000003ac                EDMA_1_CH13_DriverIRQHandler
                0x000003ac                EMVSIM0_DriverIRQHandler
                0x000003ac                I3C0_DriverIRQHandler
                0x000003ac                USB0_FS_DriverIRQHandler
                0x000003ac                PKC_ERR_DriverIRQHandler
                0x000003ac                QDC1_HOME_DriverIRQHandler
                0x000003ac                EDMA_0_CH5_DriverIRQHandler
                0x000003ac                EDMA_0_CH14_DriverIRQHandler
                0x000003ac                EDMA_1_CH0_DriverIRQHandler
                0x000003ac                SCG_DriverIRQHandler
                0x000003ac                CMC0_DriverIRQHandler
                0x000003ac                EDMA_0_CH15_DriverIRQHandler
                0x000003ac                LPTMR0_DriverIRQHandler
                0x000003ac                EDMA_0_CH2_DriverIRQHandler
                0x000003ac                FLEXPWM1_SUBMODULE1_DriverIRQHandler
                0x000003ac                FLEXPWM0_SUBMODULE1_DriverIRQHandler
                0x000003ac                EDMA_1_CH11_DriverIRQHandler
                0x000003ac                FLEXPWM0_RELOAD_ERROR_DriverIRQHandler
                0x000003ac                QDC0_HOME_DriverIRQHandler
                0x000003ac                Reserved167_DriverIRQHandler
                0x000003ac                EDMA_1_CH9_DriverIRQHandler
                0x000003ac                SEC_VIO_DriverIRQHandler
                0x000003ac                ERM_MULTI_BIT_ERROR_DriverIRQHandler
                0x000003ac                GPIO31_DriverIRQHandler
                0x000003ac                EWM0_DriverIRQHandler
                0x000003ac                PKC_DriverIRQHandler
                0x000003ac                EDMA_0_CH10_DriverIRQHandler
                0x000003ac                USB1_HS_PHY_DriverIRQHandler
                0x000003ac                QDC0_IDX_DriverIRQHandler
                0x000003ac                ELS_DriverIRQHandler
                0x000003ac                Reserved166_DriverIRQHandler
                0x000003ac                EDMA_1_CH2_DriverIRQHandler
                0x000003ac                ETHERNET_DriverIRQHandler
                0x000003ac                QDC1_IDX_DriverIRQHandler
                0x000003ac                EDMA_1_CH14_DriverIRQHandler
                0x000003ac                FLEXPWM1_SUBMODULE3_DriverIRQHandler
                0x000003ac                EDMA_1_CH7_DriverIRQHandler
                0x000003ac                EDMA_1_CH6_DriverIRQHandler
                0x000003ac                DAC1_DriverIRQHandler
                0x000003ac                CTIMER2_DriverIRQHandler
                0x000003ac                ITRC0_DriverIRQHandler
                0x000003ac                EDMA_0_CH9_DriverIRQHandler
                0x000003ac                ETB0_DriverIRQHandler
                0x000003ac                Freqme_DriverIRQHandler
                0x000003ac                Reserved80_DriverIRQHandler
                0x000003ac                IntDefaultHandler
                0x000003ac                ELS_ERR_DriverIRQHandler
                0x000003ac                FLEXIO_DriverIRQHandler
                0x000003ac                DAC0_DriverIRQHandler
                0x000003ac                MRT0_DriverIRQHandler
                0x000003ac                UTICK0_DriverIRQHandler
                0x000003ac                FLEXPWM0_SUBMODULE2_DriverIRQHandler
                0x000003ac                GPIO01_DriverIRQHandler
                0x000003ac                EDMA_0_CH3_DriverIRQHandler
                0x000003ac                WWDT0_DriverIRQHandler
                0x000003ac                USDHC0_DriverIRQHandler
                0x000003ac                GPIO00_DriverIRQHandler
                0x000003ac                EDMA_0_CH4_DriverIRQHandler
                0x000003ac                GPIO11_DriverIRQHandler
                0x000003ac                CTIMER4_DriverIRQHandler
                0x000003ac                BSP32_DriverIRQHandler
                0x000003ac                FLEXPWM0_FAULT_DriverIRQHandler
                0x000003ac                EDMA_1_CH1_DriverIRQHandler
                0x000003ac                SAI1_DriverIRQHandler
                0x000003ac                ERM_SINGLE_BIT_ERROR_DriverIRQHandler
                0x000003ac                GPIO21_DriverIRQHandler
                0x000003ac                FLEXPWM1_FAULT_DriverIRQHandler
                0x000003ac                GPIO30_DriverIRQHandler
                0x000003ac                CTIMER0_DriverIRQHandler
                0x000003ac                CTIMER1_DriverIRQHandler
                0x000003ac                QDC0_COMPARE_DriverIRQHandler
                0x000003ac                ADC1_DriverIRQHandler
                0x000003ac                PQ_DriverIRQHandler
                0x000003ac                ETHERNET_MACLP_DriverIRQHandler
                0x000003ac                USB0_DCD_DriverIRQHandler
                0x000003ac                EDMA_0_CH11_DriverIRQHandler
                0x000003ac                MAILBOX_DriverIRQHandler
                0x000003ac                WUU_DriverIRQHandler
                0x000003ac                EDMA_0_CH6_DriverIRQHandler
                0x000003ac                CTIMER3_DriverIRQHandler
                0x000003ac                FLEXPWM1_SUBMODULE0_DriverIRQHandler
                0x000003ac                CDOG1_DriverIRQHandler
                0x000003ac                TSI_OUT_OF_SCAN_DriverIRQHandler
                0x000003ac                EDMA_1_CH4_DriverIRQHandler
                0x000003ac                PUF_DriverIRQHandler
                0x000003ac                SPC_DriverIRQHandler
                0x000003ac                RTC_DriverIRQHandler
                0x000003ac                VBAT0_DriverIRQHandler
                0x000003ac                Reserved65_DriverIRQHandler
                0x000003ac                HSCMP2_DriverIRQHandler
                0x000003ac                EDMA_0_CH0_DriverIRQHandler
                0x000003ac                PDM_EVENT_DriverIRQHandler
                0x000003ac                ETHERNET_PMT_DriverIRQHandler
                0x000003ac                FLEXPWM1_RELOAD_ERROR_DriverIRQHandler
                0x000003ac                FMU0_DriverIRQHandler
                0x000003ac                QDC1_COMPARE_DriverIRQHandler
                0x000003ac                EDMA_0_CH8_DriverIRQHandler
                0x000003ac                LPTMR1_DriverIRQHandler
                0x000003ac                GPIO40_DriverIRQHandler
                0x000003ac                CTI0_DriverIRQHandler
                0x000003ac                EDMA_1_CH3_DriverIRQHandler
                0x000003ac                EDMA_1_CH15_DriverIRQHandler
                0x000003ac                FLEXPWM1_SUBMODULE2_DriverIRQHandler
                0x000003ac                GPIO20_DriverIRQHandler
                0x000003ac                QDC1_WDG_SAB_DriverIRQHandler
                0x000003ac                EDMA_1_CH8_DriverIRQHandler
                0x000003ac                GDET_DriverIRQHandler
                0x000003ac                PORT_EFT_DriverIRQHandler
                0x000003ac                Reserved85_DriverIRQHandler
                0x000003ac                Reserved81_DriverIRQHandler
                0x000003ac                TSI_END_OF_SCAN_DriverIRQHandler
                0x000003ac                FLEXPWM0_SUBMODULE3_DriverIRQHandler
                0x000003ac                ADC0_DriverIRQHandler
                0x000003ac                OR_DriverIRQHandler
                0x000003ac                EDMA_0_CH13_DriverIRQHandler
                0x000003ac                USB1_HS_DriverIRQHandler
                0x000003ac                EDMA_0_CH1_DriverIRQHandler
                0x000003ac                DAC2_DriverIRQHandler
                0x000003ac                GPIO51_DriverIRQHandler
                0x000003ac                HSCMP0_DriverIRQHandler
                0x000003ac                EDMA_0_CH12_DriverIRQHandler
                0x000003ac                QDC0_WDG_SAB_DriverIRQHandler
                0x000003ac                CDOG0_DriverIRQHandler
                0x000003ac                CAN0_DriverIRQHandler
                0x000003ac                SMARTDMA_DriverIRQHandler
                0x000003ac                SAI0_DriverIRQHandler
                0x000003ac                EMVSIM1_DriverIRQHandler
                0x000003ac                I3C1_DriverIRQHandler
                0x000003ac                EDMA_0_CH7_DriverIRQHandler
                0x000003ac                EDMA_1_CH10_DriverIRQHandler
                0x000003ac                EDMA_1_CH12_DriverIRQHandler
                0x000003ac                FLEXSPI0_DriverIRQHandler
                0x000003ac                GPIO50_DriverIRQHandler
                0x000003ac                GPIO10_DriverIRQHandler
                0x000003ac                SCT0_DriverIRQHandler
                0x000003ac                CAN1_DriverIRQHandler
                0x000003ac                PLU_DriverIRQHandler
                0x000003ac                FLEXPWM0_SUBMODULE0_DriverIRQHandler
                0x000003ac                OS_EVENT_DriverIRQHandler
                0x000003ac                SINC_FILTER_DriverIRQHandler
                0x000003ac                NPU_DriverIRQHandler
                0x000003ac                GPIO41_DriverIRQHandler
                0x000003ac                SEC_HYPERVISOR_CALL_DriverIRQHandler
 *(SORT_BY_ALIGNMENT(.text*))
 *fill*         0x000003ae        0x2 ff
 .text.DbgConsole_Init
                0x000003b0       0x88 ./utilities/debug_console_lite/fsl_debug_console.o
                0x000003b0                DbgConsole_Init
 .text.DbgConsole_Vprintf
                0x00000438       0x3c ./utilities/debug_console_lite/fsl_debug_console.o
                0x00000438                DbgConsole_Vprintf
 .text.DbgConsole_Putchar
                0x00000474       0x30 ./utilities/debug_console_lite/fsl_debug_console.o
                0x00000474                DbgConsole_Putchar
 .text.DbgConsole_Getchar
                0x000004a4       0x3c ./utilities/debug_console_lite/fsl_debug_console.o
                0x000004a4                DbgConsole_Getchar
 .text.DbgConsole_PrintfFormattedData
                0x000004e0      0x3e0 ./utilities/debug_console_lite/fsl_debug_console.o
 .text.__assertion_failed
                0x000008c0       0x2c ./utilities/fsl_assert.o
                0x000008c0                __assertion_failed
 .text          0x000008ec       0xa0 ./utilities/fsl_memcpy.o
                0x000008ec                memcpy
 .text.__NVIC_EnableIRQ
                0x0000098c       0x3c ./source/lpadc_interrupt.o
 .text.LPADC_EnableInterrupts
                0x000009c8       0x38 ./source/lpadc_interrupt.o
 .text.ADC0_IRQHandler
                0x00000a00       0x38 ./source/lpadc_interrupt.o
                0x00000a00                ADC0_IRQHandler
 .text.main     0x00000a38      0x104 ./source/lpadc_interrupt.o
                0x00000a38                main
 .text.CLOCK_IsPLL0Locked
                0x00000b3c       0x28 ./drivers/fsl_clock.o
 .text.CLOCK_SetupFROHFClocking
                0x00000b64       0x9c ./drivers/fsl_clock.o
                0x00000b64                CLOCK_SetupFROHFClocking
 .text.CLOCK_SetPll0MonitorMode
                0x00000c00       0x38 ./drivers/fsl_clock.o
                0x00000c00                CLOCK_SetPll0MonitorMode
 .text.CLOCK_AttachClk
                0x00000c38       0xb0 ./drivers/fsl_clock.o
                0x00000c38                CLOCK_AttachClk
 .text.CLOCK_SetClkDiv
                0x00000ce8       0x54 ./drivers/fsl_clock.o
                0x00000ce8                CLOCK_SetClkDiv
 .text.CLOCK_GetPLL0InClockRate
                0x00000d3c       0x5c ./drivers/fsl_clock.o
                0x00000d3c                CLOCK_GetPLL0InClockRate
 .text.CLOCK_SetPLL0Freq
                0x00000d98      0x10c ./drivers/fsl_clock.o
                0x00000d98                CLOCK_SetPLL0Freq
 .text.CLOCK_GetClk48MFreq
                0x00000ea4       0x2c ./drivers/fsl_clock.o
 .text.CLOCK_GetExtClkFreq
                0x00000ed0       0x2c ./drivers/fsl_clock.o
 .text.CLOCK_GetOsc32KFreq
                0x00000efc       0x4c ./drivers/fsl_clock.o
 .text.findPll0PreDiv
                0x00000f48       0x40 ./drivers/fsl_clock.o
 .text.findPll0PostDiv
                0x00000f88       0x60 ./drivers/fsl_clock.o
 .text.findPll0MMult
                0x00000fe8       0xac ./drivers/fsl_clock.o
 .text.SDK_DelayAtLeastUs
                0x00001094       0x8c ./drivers/fsl_common_arm.o
                0x00001094                SDK_DelayAtLeastUs
 .text.LPADC_GetInstance
                0x00001120       0x4c ./drivers/fsl_lpadc.o
 .text.LPADC_GetGainConvResult
                0x0000116c      0x134 ./drivers/fsl_lpadc.o
 .text.LPADC_Init
                0x000012a0      0x170 ./drivers/fsl_lpadc.o
                0x000012a0                LPADC_Init
 .text.LPADC_GetConvResult
                0x00001410       0x70 ./drivers/fsl_lpadc.o
                0x00001410                LPADC_GetConvResult
 .text.LPADC_SetConvTriggerConfig
                0x00001480       0x8c ./drivers/fsl_lpadc.o
                0x00001480                LPADC_SetConvTriggerConfig
 .text.LPADC_GetDefaultConvTriggerConfig
                0x0000150c       0x50 ./drivers/fsl_lpadc.o
                0x0000150c                LPADC_GetDefaultConvTriggerConfig
 .text.LPADC_SetConvCommandConfig
                0x0000155c      0x160 ./drivers/fsl_lpadc.o
                0x0000155c                LPADC_SetConvCommandConfig
 .text.LPADC_GetDefaultConvCommandConfig
                0x000016bc       0x84 ./drivers/fsl_lpadc.o
                0x000016bc                LPADC_GetDefaultConvCommandConfig
 .text.LPADC_PrepareAutoCalibration
                0x00001740       0x44 ./drivers/fsl_lpadc.o
                0x00001740                LPADC_PrepareAutoCalibration
 .text.LP_FLEXCOMM_GetInterruptStatus
                0x00001784       0x28 ./drivers/fsl_lpflexcomm.o
                0x00001784                LP_FLEXCOMM_GetInterruptStatus
 .text.LP_FLEXCOMM_SetPeriph
                0x000017ac       0x94 ./drivers/fsl_lpflexcomm.o
 .text.LP_FLEXCOMM_Init
                0x00001840       0x58 ./drivers/fsl_lpflexcomm.o
                0x00001840                LP_FLEXCOMM_Init
 .text.LP_FLEXCOMM_CommonIRQHandler
                0x00001898       0xb8 ./drivers/fsl_lpflexcomm.o
 .text.LPUART_GetInstance
                0x00001950       0x4c ./drivers/fsl_lpuart.o
                0x00001950                LPUART_GetInstance
 .text.LPUART_Init
                0x0000199c      0x3d4 ./drivers/fsl_lpuart.o
                0x0000199c                LPUART_Init
 .text.LPUART_GetDefaultConfig
                0x00001d70       0x8c ./drivers/fsl_lpuart.o
                0x00001d70                LPUART_GetDefaultConfig
 .text.LPUART_GetStatusFlags
                0x00001dfc       0x60 ./drivers/fsl_lpuart.o
                0x00001dfc                LPUART_GetStatusFlags
 .text.LPUART_ClearStatusFlags
                0x00001e5c       0x94 ./drivers/fsl_lpuart.o
                0x00001e5c                LPUART_ClearStatusFlags
 .text.LPUART_WriteBlocking
                0x00001ef0       0x68 ./drivers/fsl_lpuart.o
                0x00001ef0                LPUART_WriteBlocking
 .text.LPUART_ReadBlocking
                0x00001f58      0x160 ./drivers/fsl_lpuart.o
                0x00001f58                LPUART_ReadBlocking
 .text.RESET_ClearPeripheralReset
                0x000020b8       0x64 ./drivers/fsl_reset.o
                0x000020b8                RESET_ClearPeripheralReset
 .text.SPC_SetSRAMOperateVoltage
                0x0000211c       0x58 ./drivers/fsl_spc.o
                0x0000211c                SPC_SetSRAMOperateVoltage
 .text.SPC_SetActiveModeCoreLDORegulatorConfig
                0x00002174       0x94 ./drivers/fsl_spc.o
                0x00002174                SPC_SetActiveModeCoreLDORegulatorConfig
 .text.SPC_SetActiveModeDCDCRegulatorConfig
                0x00002208       0x68 ./drivers/fsl_spc.o
                0x00002208                SPC_SetActiveModeDCDCRegulatorConfig
 .text.VREF_GetInstance
                0x00002270       0x44 ./drivers/fsl_vref.o
 .text.VREF_Init
                0x000022b4       0xdc ./drivers/fsl_vref.o
                0x000022b4                VREF_Init
 .text.VREF_GetDefaultConfig
                0x00002390       0x50 ./drivers/fsl_vref.o
                0x00002390                VREF_GetDefaultConfig
 .text.SystemInit
                0x000023e0      0x124 ./device/system_MCXN947_cm33_core0.o
                0x000023e0                SystemInit
 .text.HAL_UartInitCommon
                0x00002504       0xe4 ./component/uart/fsl_adapter_lpuart.o
 .text.HAL_UartInit
                0x000025e8       0x84 ./component/uart/fsl_adapter_lpuart.o
                0x000025e8                HAL_UartInit
 .text.HAL_UartReceiveBlocking
                0x0000266c       0x6c ./component/uart/fsl_adapter_lpuart.o
                0x0000266c                HAL_UartReceiveBlocking
 .text.HAL_UartSendBlocking
                0x000026d8       0x64 ./component/uart/fsl_adapter_lpuart.o
                0x000026d8                HAL_UartSendBlocking
 .text.BOARD_InitDebugConsole
                0x0000273c       0x38 ./board/board.o
                0x0000273c                BOARD_InitDebugConsole
 .text.BOARD_BootClockPLL150M
                0x00002774       0xd8 ./board/clock_config.o
                0x00002774                BOARD_BootClockPLL150M
 .text.BOARD_InitHardware
                0x0000284c       0x64 ./board/hardware_init.o
                0x0000284c                BOARD_InitHardware
 .text.PORT_SetPinConfig
                0x000028b0       0x38 ./board/pin_mux.o
 .text.BOARD_InitPins
                0x000028e8       0x7c ./board/pin_mux.o
                0x000028e8                BOARD_InitPins
 .text._initio  0x00002964       0x78 /usr/local/mcuxpressoide-25.6.136/ide/plugins/com.nxp.mcuxpresso.tools.linux_25.6.0.202501151204/tools/bin/../lib/gcc/arm-none-eabi/14.2.1/../../../../arm-none-eabi/lib/thumb/v8-m.main+fp/hard/libcr_c.a(initio.o)
                0x00002964                _initio
 .text._Cwritebuf
                0x000029dc       0x70 /usr/local/mcuxpressoide-25.6.136/ide/plugins/com.nxp.mcuxpresso.tools.linux_25.6.0.202501151204/tools/bin/../lib/gcc/arm-none-eabi/14.2.1/../../../../arm-none-eabi/lib/thumb/v8-m.main+fp/hard/libcr_c.a(_writebuf.o)
                0x000029dc                _Cwritebuf
 .text.fflush   0x00002a4c       0x3c /usr/local/mcuxpressoide-25.6.136/ide/plugins/com.nxp.mcuxpresso.tools.linux_25.6.0.202501151204/tools/bin/../lib/gcc/arm-none-eabi/14.2.1/../../../../arm-none-eabi/lib/thumb/v8-m.main+fp/hard/libcr_c.a(fflush.o)
                0x00002a4c                fflush
 .text.fseek    0x00002a88       0xf8 /usr/local/mcuxpressoide-25.6.136/ide/plugins/com.nxp.mcuxpresso.tools.linux_25.6.0.202501151204/tools/bin/../lib/gcc/arm-none-eabi/14.2.1/../../../../arm-none-eabi/lib/thumb/v8-m.main+fp/hard/libcr_c.a(fseek.o)
                0x00002a88                fseek
 .text.ftell    0x00002b80       0x44 /usr/local/mcuxpressoide-25.6.136/ide/plugins/com.nxp.mcuxpresso.tools.linux_25.6.0.202501151204/tools/bin/../lib/gcc/arm-none-eabi/14.2.1/../../../../arm-none-eabi/lib/thumb/v8-m.main+fp/hard/libcr_c.a(ftell.o)
                0x00002b80                ftell
 .text.__aeabi_ddiv
                0x00002bc4      0x134 /usr/local/mcuxpressoide-25.6.136/ide/plugins/com.nxp.mcuxpresso.tools.linux_25.6.0.202501151204/tools/bin/../lib/gcc/arm-none-eabi/14.2.1/thumb/v8-m.main+fp/hard/libcr_eabihelpers.a(double.o)
                0x00002bc4                __aeabi_ddiv
 .text.__aeabi_dsub
                0x00002cf8      0x1b4 /usr/local/mcuxpressoide-25.6.136/ide/plugins/com.nxp.mcuxpresso.tools.linux_25.6.0.202501151204/tools/bin/../lib/gcc/arm-none-eabi/14.2.1/thumb/v8-m.main+fp/hard/libcr_eabihelpers.a(double.o)
                0x00002cf8                __aeabi_dsub
 .text.__aeabi_dadd
                0x00002eac      0x128 /usr/local/mcuxpressoide-25.6.136/ide/plugins/com.nxp.mcuxpresso.tools.linux_25.6.0.202501151204/tools/bin/../lib/gcc/arm-none-eabi/14.2.1/thumb/v8-m.main+fp/hard/libcr_eabihelpers.a(double.o)
                0x00002eac                __aeabi_dadd
 .text.__aeabi_d2f
                0x00002fd4       0x58 /usr/local/mcuxpressoide-25.6.136/ide/plugins/com.nxp.mcuxpresso.tools.linux_25.6.0.202501151204/tools/bin/../lib/gcc/arm-none-eabi/14.2.1/thumb/v8-m.main+fp/hard/libcr_eabihelpers.a(double.o)
                0x00002fd4                __aeabi_d2f
 .text.DbgConsole_Printf
                0x0000302c       0x2c ./utilities/debug_console_lite/fsl_debug_console.o
                0x0000302c                DbgConsole_Printf
 .text.DbgConsole_PrintfPaddingCharacter
                0x00003058       0x40 ./utilities/debug_console_lite/fsl_debug_console.o
 .text.DbgConsole_ConvertRadixNumToString
                0x00003098       0xc2 ./utilities/debug_console_lite/fsl_debug_console.o
 .text.fsl_assert_hook
                0x0000315a       0x1a ./utilities/fsl_assert.o
                0x0000315a                fsl_assert_hook
 .text.OR_IRQHandler
                0x00003174        0x8 ./startup/startup_mcxn947_cm33_core0.o
                0x00003174                OR_IRQHandler
 .text.EDMA_0_CH0_IRQHandler
                0x0000317c        0x8 ./startup/startup_mcxn947_cm33_core0.o
                0x0000317c                EDMA_0_CH0_IRQHandler
 .text.EDMA_0_CH1_IRQHandler
                0x00003184        0x8 ./startup/startup_mcxn947_cm33_core0.o
                0x00003184                EDMA_0_CH1_IRQHandler
 .text.EDMA_0_CH2_IRQHandler
                0x0000318c        0x8 ./startup/startup_mcxn947_cm33_core0.o
                0x0000318c                EDMA_0_CH2_IRQHandler
 .text.EDMA_0_CH3_IRQHandler
                0x00003194        0x8 ./startup/startup_mcxn947_cm33_core0.o
                0x00003194                EDMA_0_CH3_IRQHandler
 .text.EDMA_0_CH4_IRQHandler
                0x0000319c        0x8 ./startup/startup_mcxn947_cm33_core0.o
                0x0000319c                EDMA_0_CH4_IRQHandler
 .text.EDMA_0_CH5_IRQHandler
                0x000031a4        0x8 ./startup/startup_mcxn947_cm33_core0.o
                0x000031a4                EDMA_0_CH5_IRQHandler
 .text.EDMA_0_CH6_IRQHandler
                0x000031ac        0x8 ./startup/startup_mcxn947_cm33_core0.o
                0x000031ac                EDMA_0_CH6_IRQHandler
 .text.EDMA_0_CH7_IRQHandler
                0x000031b4        0x8 ./startup/startup_mcxn947_cm33_core0.o
                0x000031b4                EDMA_0_CH7_IRQHandler
 .text.EDMA_0_CH8_IRQHandler
                0x000031bc        0x8 ./startup/startup_mcxn947_cm33_core0.o
                0x000031bc                EDMA_0_CH8_IRQHandler
 .text.EDMA_0_CH9_IRQHandler
                0x000031c4        0x8 ./startup/startup_mcxn947_cm33_core0.o
                0x000031c4                EDMA_0_CH9_IRQHandler
 .text.EDMA_0_CH10_IRQHandler
                0x000031cc        0x8 ./startup/startup_mcxn947_cm33_core0.o
                0x000031cc                EDMA_0_CH10_IRQHandler
 .text.EDMA_0_CH11_IRQHandler
                0x000031d4        0x8 ./startup/startup_mcxn947_cm33_core0.o
                0x000031d4                EDMA_0_CH11_IRQHandler
 .text.EDMA_0_CH12_IRQHandler
                0x000031dc        0x8 ./startup/startup_mcxn947_cm33_core0.o
                0x000031dc                EDMA_0_CH12_IRQHandler
 .text.EDMA_0_CH13_IRQHandler
                0x000031e4        0x8 ./startup/startup_mcxn947_cm33_core0.o
                0x000031e4                EDMA_0_CH13_IRQHandler
 .text.EDMA_0_CH14_IRQHandler
                0x000031ec        0x8 ./startup/startup_mcxn947_cm33_core0.o
                0x000031ec                EDMA_0_CH14_IRQHandler
 .text.EDMA_0_CH15_IRQHandler
                0x000031f4        0x8 ./startup/startup_mcxn947_cm33_core0.o
                0x000031f4                EDMA_0_CH15_IRQHandler
 .text.GPIO00_IRQHandler
                0x000031fc        0x8 ./startup/startup_mcxn947_cm33_core0.o
                0x000031fc                GPIO00_IRQHandler
 .text.GPIO01_IRQHandler
                0x00003204        0x8 ./startup/startup_mcxn947_cm33_core0.o
                0x00003204                GPIO01_IRQHandler
 .text.GPIO10_IRQHandler
                0x0000320c        0x8 ./startup/startup_mcxn947_cm33_core0.o
                0x0000320c                GPIO10_IRQHandler
 .text.GPIO11_IRQHandler
                0x00003214        0x8 ./startup/startup_mcxn947_cm33_core0.o
                0x00003214                GPIO11_IRQHandler
 .text.GPIO20_IRQHandler
                0x0000321c        0x8 ./startup/startup_mcxn947_cm33_core0.o
                0x0000321c                GPIO20_IRQHandler
 .text.GPIO21_IRQHandler
                0x00003224        0x8 ./startup/startup_mcxn947_cm33_core0.o
                0x00003224                GPIO21_IRQHandler
 .text.GPIO30_IRQHandler
                0x0000322c        0x8 ./startup/startup_mcxn947_cm33_core0.o
                0x0000322c                GPIO30_IRQHandler
 .text.GPIO31_IRQHandler
                0x00003234        0x8 ./startup/startup_mcxn947_cm33_core0.o
                0x00003234                GPIO31_IRQHandler
 .text.GPIO40_IRQHandler
                0x0000323c        0x8 ./startup/startup_mcxn947_cm33_core0.o
                0x0000323c                GPIO40_IRQHandler
 .text.GPIO41_IRQHandler
                0x00003244        0x8 ./startup/startup_mcxn947_cm33_core0.o
                0x00003244                GPIO41_IRQHandler
 .text.GPIO50_IRQHandler
                0x0000324c        0x8 ./startup/startup_mcxn947_cm33_core0.o
                0x0000324c                GPIO50_IRQHandler
 .text.GPIO51_IRQHandler
                0x00003254        0x8 ./startup/startup_mcxn947_cm33_core0.o
                0x00003254                GPIO51_IRQHandler
 .text.UTICK0_IRQHandler
                0x0000325c        0x8 ./startup/startup_mcxn947_cm33_core0.o
                0x0000325c                UTICK0_IRQHandler
 .text.MRT0_IRQHandler
                0x00003264        0x8 ./startup/startup_mcxn947_cm33_core0.o
                0x00003264                MRT0_IRQHandler
 .text.CTIMER0_IRQHandler
                0x0000326c        0x8 ./startup/startup_mcxn947_cm33_core0.o
                0x0000326c                CTIMER0_IRQHandler
 .text.CTIMER1_IRQHandler
                0x00003274        0x8 ./startup/startup_mcxn947_cm33_core0.o
                0x00003274                CTIMER1_IRQHandler
 .text.SCT0_IRQHandler
                0x0000327c        0x8 ./startup/startup_mcxn947_cm33_core0.o
                0x0000327c                SCT0_IRQHandler
 .text.CTIMER2_IRQHandler
                0x00003284        0x8 ./startup/startup_mcxn947_cm33_core0.o
                0x00003284                CTIMER2_IRQHandler
 .text.LP_FLEXCOMM0_IRQHandler
                0x0000328c        0x8 ./startup/startup_mcxn947_cm33_core0.o
                0x0000328c                LP_FLEXCOMM0_IRQHandler
 .text.LP_FLEXCOMM1_IRQHandler
                0x00003294        0x8 ./startup/startup_mcxn947_cm33_core0.o
                0x00003294                LP_FLEXCOMM1_IRQHandler
 .text.LP_FLEXCOMM2_IRQHandler
                0x0000329c        0x8 ./startup/startup_mcxn947_cm33_core0.o
                0x0000329c                LP_FLEXCOMM2_IRQHandler
 .text.LP_FLEXCOMM3_IRQHandler
                0x000032a4        0x8 ./startup/startup_mcxn947_cm33_core0.o
                0x000032a4                LP_FLEXCOMM3_IRQHandler
 .text.LP_FLEXCOMM4_IRQHandler
                0x000032ac        0x8 ./startup/startup_mcxn947_cm33_core0.o
                0x000032ac                LP_FLEXCOMM4_IRQHandler
 .text.LP_FLEXCOMM5_IRQHandler
                0x000032b4        0x8 ./startup/startup_mcxn947_cm33_core0.o
                0x000032b4                LP_FLEXCOMM5_IRQHandler
 .text.LP_FLEXCOMM6_IRQHandler
                0x000032bc        0x8 ./startup/startup_mcxn947_cm33_core0.o
                0x000032bc                LP_FLEXCOMM6_IRQHandler
 .text.LP_FLEXCOMM7_IRQHandler
                0x000032c4        0x8 ./startup/startup_mcxn947_cm33_core0.o
                0x000032c4                LP_FLEXCOMM7_IRQHandler
 .text.LP_FLEXCOMM8_IRQHandler
                0x000032cc        0x8 ./startup/startup_mcxn947_cm33_core0.o
                0x000032cc                LP_FLEXCOMM8_IRQHandler
 .text.LP_FLEXCOMM9_IRQHandler
                0x000032d4        0x8 ./startup/startup_mcxn947_cm33_core0.o
                0x000032d4                LP_FLEXCOMM9_IRQHandler
 .text.ADC1_IRQHandler
                0x000032dc        0x8 ./startup/startup_mcxn947_cm33_core0.o
                0x000032dc                ADC1_IRQHandler
 .text.PINT0_IRQHandler
                0x000032e4        0x8 ./startup/startup_mcxn947_cm33_core0.o
                0x000032e4                PINT0_IRQHandler
 .text.PDM_EVENT_IRQHandler
                0x000032ec        0x8 ./startup/startup_mcxn947_cm33_core0.o
                0x000032ec                PDM_EVENT_IRQHandler
 .text.Reserved65_IRQHandler
                0x000032f4        0x8 ./startup/startup_mcxn947_cm33_core0.o
                0x000032f4                Reserved65_IRQHandler
 .text.USB0_FS_IRQHandler
                0x000032fc        0x8 ./startup/startup_mcxn947_cm33_core0.o
                0x000032fc                USB0_FS_IRQHandler
 .text.USB0_DCD_IRQHandler
                0x00003304        0x8 ./startup/startup_mcxn947_cm33_core0.o
                0x00003304                USB0_DCD_IRQHandler
 .text.RTC_IRQHandler
                0x0000330c        0x8 ./startup/startup_mcxn947_cm33_core0.o
                0x0000330c                RTC_IRQHandler
 .text.SMARTDMA_IRQHandler
                0x00003314        0x8 ./startup/startup_mcxn947_cm33_core0.o
                0x00003314                SMARTDMA_IRQHandler
 .text.MAILBOX_IRQHandler
                0x0000331c        0x8 ./startup/startup_mcxn947_cm33_core0.o
                0x0000331c                MAILBOX_IRQHandler
 .text.CTIMER3_IRQHandler
                0x00003324        0x8 ./startup/startup_mcxn947_cm33_core0.o
                0x00003324                CTIMER3_IRQHandler
 .text.CTIMER4_IRQHandler
                0x0000332c        0x8 ./startup/startup_mcxn947_cm33_core0.o
                0x0000332c                CTIMER4_IRQHandler
 .text.OS_EVENT_IRQHandler
                0x00003334        0x8 ./startup/startup_mcxn947_cm33_core0.o
                0x00003334                OS_EVENT_IRQHandler
 .text.FLEXSPI0_IRQHandler
                0x0000333c        0x8 ./startup/startup_mcxn947_cm33_core0.o
                0x0000333c                FLEXSPI0_IRQHandler
 .text.SAI0_IRQHandler
                0x00003344        0x8 ./startup/startup_mcxn947_cm33_core0.o
                0x00003344                SAI0_IRQHandler
 .text.SAI1_IRQHandler
                0x0000334c        0x8 ./startup/startup_mcxn947_cm33_core0.o
                0x0000334c                SAI1_IRQHandler
 .text.USDHC0_IRQHandler
                0x00003354        0x8 ./startup/startup_mcxn947_cm33_core0.o
                0x00003354                USDHC0_IRQHandler
 .text.CAN0_IRQHandler
                0x0000335c        0x8 ./startup/startup_mcxn947_cm33_core0.o
                0x0000335c                CAN0_IRQHandler
 .text.CAN1_IRQHandler
                0x00003364        0x8 ./startup/startup_mcxn947_cm33_core0.o
                0x00003364                CAN1_IRQHandler
 .text.Reserved80_IRQHandler
                0x0000336c        0x8 ./startup/startup_mcxn947_cm33_core0.o
                0x0000336c                Reserved80_IRQHandler
 .text.Reserved81_IRQHandler
                0x00003374        0x8 ./startup/startup_mcxn947_cm33_core0.o
                0x00003374                Reserved81_IRQHandler
 .text.USB1_HS_PHY_IRQHandler
                0x0000337c        0x8 ./startup/startup_mcxn947_cm33_core0.o
                0x0000337c                USB1_HS_PHY_IRQHandler
 .text.USB1_HS_IRQHandler
                0x00003384        0x8 ./startup/startup_mcxn947_cm33_core0.o
                0x00003384                USB1_HS_IRQHandler
 .text.SEC_HYPERVISOR_CALL_IRQHandler
                0x0000338c        0x8 ./startup/startup_mcxn947_cm33_core0.o
                0x0000338c                SEC_HYPERVISOR_CALL_IRQHandler
 .text.Reserved85_IRQHandler
                0x00003394        0x8 ./startup/startup_mcxn947_cm33_core0.o
                0x00003394                Reserved85_IRQHandler
 .text.PLU_IRQHandler
                0x0000339c        0x8 ./startup/startup_mcxn947_cm33_core0.o
                0x0000339c                PLU_IRQHandler
 .text.Freqme_IRQHandler
                0x000033a4        0x8 ./startup/startup_mcxn947_cm33_core0.o
                0x000033a4                Freqme_IRQHandler
 .text.SEC_VIO_IRQHandler
                0x000033ac        0x8 ./startup/startup_mcxn947_cm33_core0.o
                0x000033ac                SEC_VIO_IRQHandler
 .text.ELS_IRQHandler
                0x000033b4        0x8 ./startup/startup_mcxn947_cm33_core0.o
                0x000033b4                ELS_IRQHandler
 .text.PKC_IRQHandler
                0x000033bc        0x8 ./startup/startup_mcxn947_cm33_core0.o
                0x000033bc                PKC_IRQHandler
 .text.PUF_IRQHandler
                0x000033c4        0x8 ./startup/startup_mcxn947_cm33_core0.o
                0x000033c4                PUF_IRQHandler
 .text.PQ_IRQHandler
                0x000033cc        0x8 ./startup/startup_mcxn947_cm33_core0.o
                0x000033cc                PQ_IRQHandler
 .text.EDMA_1_CH0_IRQHandler
                0x000033d4        0x8 ./startup/startup_mcxn947_cm33_core0.o
                0x000033d4                EDMA_1_CH0_IRQHandler
 .text.EDMA_1_CH1_IRQHandler
                0x000033dc        0x8 ./startup/startup_mcxn947_cm33_core0.o
                0x000033dc                EDMA_1_CH1_IRQHandler
 .text.EDMA_1_CH2_IRQHandler
                0x000033e4        0x8 ./startup/startup_mcxn947_cm33_core0.o
                0x000033e4                EDMA_1_CH2_IRQHandler
 .text.EDMA_1_CH3_IRQHandler
                0x000033ec        0x8 ./startup/startup_mcxn947_cm33_core0.o
                0x000033ec                EDMA_1_CH3_IRQHandler
 .text.EDMA_1_CH4_IRQHandler
                0x000033f4        0x8 ./startup/startup_mcxn947_cm33_core0.o
                0x000033f4                EDMA_1_CH4_IRQHandler
 .text.EDMA_1_CH5_IRQHandler
                0x000033fc        0x8 ./startup/startup_mcxn947_cm33_core0.o
                0x000033fc                EDMA_1_CH5_IRQHandler
 .text.EDMA_1_CH6_IRQHandler
                0x00003404        0x8 ./startup/startup_mcxn947_cm33_core0.o
                0x00003404                EDMA_1_CH6_IRQHandler
 .text.EDMA_1_CH7_IRQHandler
                0x0000340c        0x8 ./startup/startup_mcxn947_cm33_core0.o
                0x0000340c                EDMA_1_CH7_IRQHandler
 .text.EDMA_1_CH8_IRQHandler
                0x00003414        0x8 ./startup/startup_mcxn947_cm33_core0.o
                0x00003414                EDMA_1_CH8_IRQHandler
 .text.EDMA_1_CH9_IRQHandler
                0x0000341c        0x8 ./startup/startup_mcxn947_cm33_core0.o
                0x0000341c                EDMA_1_CH9_IRQHandler
 .text.EDMA_1_CH10_IRQHandler
                0x00003424        0x8 ./startup/startup_mcxn947_cm33_core0.o
                0x00003424                EDMA_1_CH10_IRQHandler
 .text.EDMA_1_CH11_IRQHandler
                0x0000342c        0x8 ./startup/startup_mcxn947_cm33_core0.o
                0x0000342c                EDMA_1_CH11_IRQHandler
 .text.EDMA_1_CH12_IRQHandler
                0x00003434        0x8 ./startup/startup_mcxn947_cm33_core0.o
                0x00003434                EDMA_1_CH12_IRQHandler
 .text.EDMA_1_CH13_IRQHandler
                0x0000343c        0x8 ./startup/startup_mcxn947_cm33_core0.o
                0x0000343c                EDMA_1_CH13_IRQHandler
 .text.EDMA_1_CH14_IRQHandler
                0x00003444        0x8 ./startup/startup_mcxn947_cm33_core0.o
                0x00003444                EDMA_1_CH14_IRQHandler
 .text.EDMA_1_CH15_IRQHandler
                0x0000344c        0x8 ./startup/startup_mcxn947_cm33_core0.o
                0x0000344c                EDMA_1_CH15_IRQHandler
 .text.CDOG0_IRQHandler
                0x00003454        0x8 ./startup/startup_mcxn947_cm33_core0.o
                0x00003454                CDOG0_IRQHandler
 .text.CDOG1_IRQHandler
                0x0000345c        0x8 ./startup/startup_mcxn947_cm33_core0.o
                0x0000345c                CDOG1_IRQHandler
 .text.I3C0_IRQHandler
                0x00003464        0x8 ./startup/startup_mcxn947_cm33_core0.o
                0x00003464                I3C0_IRQHandler
 .text.I3C1_IRQHandler
                0x0000346c        0x8 ./startup/startup_mcxn947_cm33_core0.o
                0x0000346c                I3C1_IRQHandler
 .text.NPU_IRQHandler
                0x00003474        0x8 ./startup/startup_mcxn947_cm33_core0.o
                0x00003474                NPU_IRQHandler
 .text.GDET_IRQHandler
                0x0000347c        0x8 ./startup/startup_mcxn947_cm33_core0.o
                0x0000347c                GDET_IRQHandler
 .text.VBAT0_IRQHandler
                0x00003484        0x8 ./startup/startup_mcxn947_cm33_core0.o
                0x00003484                VBAT0_IRQHandler
 .text.EWM0_IRQHandler
                0x0000348c        0x8 ./startup/startup_mcxn947_cm33_core0.o
                0x0000348c                EWM0_IRQHandler
 .text.TSI_END_OF_SCAN_IRQHandler
                0x00003494        0x8 ./startup/startup_mcxn947_cm33_core0.o
                0x00003494                TSI_END_OF_SCAN_IRQHandler
 .text.TSI_OUT_OF_SCAN_IRQHandler
                0x0000349c        0x8 ./startup/startup_mcxn947_cm33_core0.o
                0x0000349c                TSI_OUT_OF_SCAN_IRQHandler
 .text.EMVSIM0_IRQHandler
                0x000034a4        0x8 ./startup/startup_mcxn947_cm33_core0.o
                0x000034a4                EMVSIM0_IRQHandler
 .text.EMVSIM1_IRQHandler
                0x000034ac        0x8 ./startup/startup_mcxn947_cm33_core0.o
                0x000034ac                EMVSIM1_IRQHandler
 .text.FLEXIO_IRQHandler
                0x000034b4        0x8 ./startup/startup_mcxn947_cm33_core0.o
                0x000034b4                FLEXIO_IRQHandler
 .text.DAC0_IRQHandler
                0x000034bc        0x8 ./startup/startup_mcxn947_cm33_core0.o
                0x000034bc                DAC0_IRQHandler
 .text.DAC1_IRQHandler
                0x000034c4        0x8 ./startup/startup_mcxn947_cm33_core0.o
                0x000034c4                DAC1_IRQHandler
 .text.DAC2_IRQHandler
                0x000034cc        0x8 ./startup/startup_mcxn947_cm33_core0.o
                0x000034cc                DAC2_IRQHandler
 .text.HSCMP0_IRQHandler
                0x000034d4        0x8 ./startup/startup_mcxn947_cm33_core0.o
                0x000034d4                HSCMP0_IRQHandler
 .text.HSCMP1_IRQHandler
                0x000034dc        0x8 ./startup/startup_mcxn947_cm33_core0.o
                0x000034dc                HSCMP1_IRQHandler
 .text.HSCMP2_IRQHandler
                0x000034e4        0x8 ./startup/startup_mcxn947_cm33_core0.o
                0x000034e4                HSCMP2_IRQHandler
 .text.FLEXPWM0_RELOAD_ERROR_IRQHandler
                0x000034ec        0x8 ./startup/startup_mcxn947_cm33_core0.o
                0x000034ec                FLEXPWM0_RELOAD_ERROR_IRQHandler
 .text.FLEXPWM0_FAULT_IRQHandler
                0x000034f4        0x8 ./startup/startup_mcxn947_cm33_core0.o
                0x000034f4                FLEXPWM0_FAULT_IRQHandler
 .text.FLEXPWM0_SUBMODULE0_IRQHandler
                0x000034fc        0x8 ./startup/startup_mcxn947_cm33_core0.o
                0x000034fc                FLEXPWM0_SUBMODULE0_IRQHandler
 .text.FLEXPWM0_SUBMODULE1_IRQHandler
                0x00003504        0x8 ./startup/startup_mcxn947_cm33_core0.o
                0x00003504                FLEXPWM0_SUBMODULE1_IRQHandler
 .text.FLEXPWM0_SUBMODULE2_IRQHandler
                0x0000350c        0x8 ./startup/startup_mcxn947_cm33_core0.o
                0x0000350c                FLEXPWM0_SUBMODULE2_IRQHandler
 .text.FLEXPWM0_SUBMODULE3_IRQHandler
                0x00003514        0x8 ./startup/startup_mcxn947_cm33_core0.o
                0x00003514                FLEXPWM0_SUBMODULE3_IRQHandler
 .text.FLEXPWM1_RELOAD_ERROR_IRQHandler
                0x0000351c        0x8 ./startup/startup_mcxn947_cm33_core0.o
                0x0000351c                FLEXPWM1_RELOAD_ERROR_IRQHandler
 .text.FLEXPWM1_FAULT_IRQHandler
                0x00003524        0x8 ./startup/startup_mcxn947_cm33_core0.o
                0x00003524                FLEXPWM1_FAULT_IRQHandler
 .text.FLEXPWM1_SUBMODULE0_IRQHandler
                0x0000352c        0x8 ./startup/startup_mcxn947_cm33_core0.o
                0x0000352c                FLEXPWM1_SUBMODULE0_IRQHandler
 .text.FLEXPWM1_SUBMODULE1_IRQHandler
                0x00003534        0x8 ./startup/startup_mcxn947_cm33_core0.o
                0x00003534                FLEXPWM1_SUBMODULE1_IRQHandler
 .text.FLEXPWM1_SUBMODULE2_IRQHandler
                0x0000353c        0x8 ./startup/startup_mcxn947_cm33_core0.o
                0x0000353c                FLEXPWM1_SUBMODULE2_IRQHandler
 .text.FLEXPWM1_SUBMODULE3_IRQHandler
                0x00003544        0x8 ./startup/startup_mcxn947_cm33_core0.o
                0x00003544                FLEXPWM1_SUBMODULE3_IRQHandler
 .text.QDC0_COMPARE_IRQHandler
                0x0000354c        0x8 ./startup/startup_mcxn947_cm33_core0.o
                0x0000354c                QDC0_COMPARE_IRQHandler
 .text.QDC0_HOME_IRQHandler
                0x00003554        0x8 ./startup/startup_mcxn947_cm33_core0.o
                0x00003554                QDC0_HOME_IRQHandler
 .text.QDC0_WDG_SAB_IRQHandler
                0x0000355c        0x8 ./startup/startup_mcxn947_cm33_core0.o
                0x0000355c                QDC0_WDG_SAB_IRQHandler
 .text.QDC0_IDX_IRQHandler
                0x00003564        0x8 ./startup/startup_mcxn947_cm33_core0.o
                0x00003564                QDC0_IDX_IRQHandler
 .text.QDC1_COMPARE_IRQHandler
                0x0000356c        0x8 ./startup/startup_mcxn947_cm33_core0.o
                0x0000356c                QDC1_COMPARE_IRQHandler
 .text.QDC1_HOME_IRQHandler
                0x00003574        0x8 ./startup/startup_mcxn947_cm33_core0.o
                0x00003574                QDC1_HOME_IRQHandler
 .text.QDC1_WDG_SAB_IRQHandler
                0x0000357c        0x8 ./startup/startup_mcxn947_cm33_core0.o
                0x0000357c                QDC1_WDG_SAB_IRQHandler
 .text.QDC1_IDX_IRQHandler
                0x00003584        0x8 ./startup/startup_mcxn947_cm33_core0.o
                0x00003584                QDC1_IDX_IRQHandler
 .text.ITRC0_IRQHandler
                0x0000358c        0x8 ./startup/startup_mcxn947_cm33_core0.o
                0x0000358c                ITRC0_IRQHandler
 .text.BSP32_IRQHandler
                0x00003594        0x8 ./startup/startup_mcxn947_cm33_core0.o
                0x00003594                BSP32_IRQHandler
 .text.ELS_ERR_IRQHandler
                0x0000359c        0x8 ./startup/startup_mcxn947_cm33_core0.o
                0x0000359c                ELS_ERR_IRQHandler
 .text.PKC_ERR_IRQHandler
                0x000035a4        0x8 ./startup/startup_mcxn947_cm33_core0.o
                0x000035a4                PKC_ERR_IRQHandler
 .text.ERM_SINGLE_BIT_ERROR_IRQHandler
                0x000035ac        0x8 ./startup/startup_mcxn947_cm33_core0.o
                0x000035ac                ERM_SINGLE_BIT_ERROR_IRQHandler
 .text.ERM_MULTI_BIT_ERROR_IRQHandler
                0x000035b4        0x8 ./startup/startup_mcxn947_cm33_core0.o
                0x000035b4                ERM_MULTI_BIT_ERROR_IRQHandler
 .text.FMU0_IRQHandler
                0x000035bc        0x8 ./startup/startup_mcxn947_cm33_core0.o
                0x000035bc                FMU0_IRQHandler
 .text.ETHERNET_IRQHandler
                0x000035c4        0x8 ./startup/startup_mcxn947_cm33_core0.o
                0x000035c4                ETHERNET_IRQHandler
 .text.ETHERNET_PMT_IRQHandler
                0x000035cc        0x8 ./startup/startup_mcxn947_cm33_core0.o
                0x000035cc                ETHERNET_PMT_IRQHandler
 .text.ETHERNET_MACLP_IRQHandler
                0x000035d4        0x8 ./startup/startup_mcxn947_cm33_core0.o
                0x000035d4                ETHERNET_MACLP_IRQHandler
 .text.SINC_FILTER_IRQHandler
                0x000035dc        0x8 ./startup/startup_mcxn947_cm33_core0.o
                0x000035dc                SINC_FILTER_IRQHandler
 .text.LPTMR0_IRQHandler
                0x000035e4        0x8 ./startup/startup_mcxn947_cm33_core0.o
                0x000035e4                LPTMR0_IRQHandler
 .text.LPTMR1_IRQHandler
                0x000035ec        0x8 ./startup/startup_mcxn947_cm33_core0.o
                0x000035ec                LPTMR1_IRQHandler
 .text.SCG_IRQHandler
                0x000035f4        0x8 ./startup/startup_mcxn947_cm33_core0.o
                0x000035f4                SCG_IRQHandler
 .text.SPC_IRQHandler
                0x000035fc        0x8 ./startup/startup_mcxn947_cm33_core0.o
                0x000035fc                SPC_IRQHandler
 .text.WUU_IRQHandler
                0x00003604        0x8 ./startup/startup_mcxn947_cm33_core0.o
                0x00003604                WUU_IRQHandler
 .text.PORT_EFT_IRQHandler
                0x0000360c        0x8 ./startup/startup_mcxn947_cm33_core0.o
                0x0000360c                PORT_EFT_IRQHandler
 .text.ETB0_IRQHandler
                0x00003614        0x8 ./startup/startup_mcxn947_cm33_core0.o
                0x00003614                ETB0_IRQHandler
 .text.Reserved166_IRQHandler
                0x0000361c        0x8 ./startup/startup_mcxn947_cm33_core0.o
                0x0000361c                Reserved166_IRQHandler
 .text.Reserved167_IRQHandler
                0x00003624        0x8 ./startup/startup_mcxn947_cm33_core0.o
                0x00003624                Reserved167_IRQHandler
 .text.WWDT0_IRQHandler
                0x0000362c        0x8 ./startup/startup_mcxn947_cm33_core0.o
                0x0000362c                WWDT0_IRQHandler
 .text.WWDT1_IRQHandler
                0x00003634        0x8 ./startup/startup_mcxn947_cm33_core0.o
                0x00003634                WWDT1_IRQHandler
 .text.CMC0_IRQHandler
                0x0000363c        0x8 ./startup/startup_mcxn947_cm33_core0.o
                0x0000363c                CMC0_IRQHandler
 .text.CTI0_IRQHandler
                0x00003644        0x8 ./startup/startup_mcxn947_cm33_core0.o
                0x00003644                CTI0_IRQHandler
 .text.EnableIRQ
                0x0000364c       0x32 ./source/lpadc_interrupt.o
 .text.LPADC_DoSoftwareTrigger
                0x0000367e       0x1c ./source/lpadc_interrupt.o
 .text.HardFault_Handler
                0x0000369a       0x36 ./source/semihost_hardfault.o
                0x0000369a                HardFault_Handler
 .text.CLOCK_GetPll0OutFreq
                0x000036d0       0x88 ./drivers/fsl_clock.o
                0x000036d0                CLOCK_GetPll0OutFreq
 .text.DelayLoop
                0x00003758       0x20 ./drivers/fsl_common_arm.o
 .text.CLOCK_EnableClock
                0x00003778       0x8c ./drivers/fsl_lpadc.o
 .text.RESET_ReleasePeripheralReset
                0x00003804       0x16 ./drivers/fsl_lpadc.o
 .text.LPADC_Enable
                0x0000381a       0x38 ./drivers/fsl_lpadc.o
 .text.LPADC_DoResetFIFO0
                0x00003852       0x20 ./drivers/fsl_lpadc.o
 .text.LPADC_DoResetFIFO1
                0x00003872       0x20 ./drivers/fsl_lpadc.o
 .text.LPADC_DoResetConfig
                0x00003892       0x2c ./drivers/fsl_lpadc.o
 .text.LPADC_GetConvResultCount
                0x000038be       0x26 ./drivers/fsl_lpadc.o
 .text.LPADC_EnableOffsetCalibration
                0x000038e4       0x38 ./drivers/fsl_lpadc.o
 .text.LPADC_GetDefaultConfig
                0x0000391c       0x5c ./drivers/fsl_lpadc.o
                0x0000391c                LPADC_GetDefaultConfig
 .text.LPADC_DoOffsetCalibration
                0x00003978       0x2a ./drivers/fsl_lpadc.o
                0x00003978                LPADC_DoOffsetCalibration
 .text.LPADC_DoAutoCalibration
                0x000039a2       0x1c ./drivers/fsl_lpadc.o
                0x000039a2                LPADC_DoAutoCalibration
 .text.LPADC_FinishAutoCalibration
                0x000039be      0x104 ./drivers/fsl_lpadc.o
                0x000039be                LPADC_FinishAutoCalibration
 .text.CLOCK_EnableClock
                0x00003ac2       0x8c ./drivers/fsl_lpflexcomm.o
 .text.LP_FLEXCOMM_PeripheralIsPresent
                0x00003b4e       0x52 ./drivers/fsl_lpflexcomm.o
 .text.LP_FLEXCOMM0_DriverIRQHandler
                0x00003ba0        0xe ./drivers/fsl_lpflexcomm.o
                0x00003ba0                LP_FLEXCOMM0_DriverIRQHandler
 .text.LP_FLEXCOMM1_DriverIRQHandler
                0x00003bae        0xe ./drivers/fsl_lpflexcomm.o
                0x00003bae                LP_FLEXCOMM1_DriverIRQHandler
 .text.LP_FLEXCOMM2_DriverIRQHandler
                0x00003bbc        0xe ./drivers/fsl_lpflexcomm.o
                0x00003bbc                LP_FLEXCOMM2_DriverIRQHandler
 .text.LP_FLEXCOMM3_DriverIRQHandler
                0x00003bca        0xe ./drivers/fsl_lpflexcomm.o
                0x00003bca                LP_FLEXCOMM3_DriverIRQHandler
 .text.LP_FLEXCOMM4_DriverIRQHandler
                0x00003bd8        0xe ./drivers/fsl_lpflexcomm.o
                0x00003bd8                LP_FLEXCOMM4_DriverIRQHandler
 .text.LP_FLEXCOMM5_DriverIRQHandler
                0x00003be6        0xe ./drivers/fsl_lpflexcomm.o
                0x00003be6                LP_FLEXCOMM5_DriverIRQHandler
 .text.LP_FLEXCOMM6_DriverIRQHandler
                0x00003bf4        0xe ./drivers/fsl_lpflexcomm.o
                0x00003bf4                LP_FLEXCOMM6_DriverIRQHandler
 .text.LP_FLEXCOMM7_DriverIRQHandler
                0x00003c02        0xe ./drivers/fsl_lpflexcomm.o
                0x00003c02                LP_FLEXCOMM7_DriverIRQHandler
 .text.LP_FLEXCOMM8_DriverIRQHandler
                0x00003c10        0xe ./drivers/fsl_lpflexcomm.o
                0x00003c10                LP_FLEXCOMM8_DriverIRQHandler
 .text.LP_FLEXCOMM9_DriverIRQHandler
                0x00003c1e        0xe ./drivers/fsl_lpflexcomm.o
                0x00003c1e                LP_FLEXCOMM9_DriverIRQHandler
 .text.LPUART_SoftwareReset
                0x00003c2c       0x2c ./drivers/fsl_lpuart.o
 .text.SPC_GetActiveModeBandgapMode
                0x00003c58       0x22 ./drivers/fsl_spc.o
 .text.SPC_GetActiveModeVoltageDetectStatus
                0x00003c7a       0x22 ./drivers/fsl_spc.o
 .text.SPC_GetActiveModeCoreLDOVDDVoltageLevel
                0x00003c9c       0x22 ./drivers/fsl_spc.o
 .text.SPC_GetActiveModeCoreLDODriveStrength
                0x00003cbe       0x22 ./drivers/fsl_spc.o
 .text.SPC_SetActiveModeDCDCRegulatorVoltageLevel
                0x00003ce0       0x32 ./drivers/fsl_spc.o
 .text.SPC_SetActiveModeCoreLDORegulatorVoltageLevel
                0x00003d12       0x60 ./drivers/fsl_spc.o
                0x00003d12                SPC_SetActiveModeCoreLDORegulatorVoltageLevel
 .text.SPC_SetActiveModeCoreLDORegulatorDriveStrength
                0x00003d72       0x5e ./drivers/fsl_spc.o
                0x00003d72                SPC_SetActiveModeCoreLDORegulatorDriveStrength
 .text.SPC_SetActiveModeDCDCRegulatorDriveStrength
                0x00003dd0       0x48 ./drivers/fsl_spc.o
                0x00003dd0                SPC_SetActiveModeDCDCRegulatorDriveStrength
 .text.CLOCK_EnableClock
                0x00003e18       0x8c ./drivers/fsl_vref.o
 .text.SystemInitHook
                0x00003ea4        0xe ./device/system_MCXN947_cm33_core0.o
                0x00003ea4                SystemInitHook
 .text.HAL_UartGetStatus
                0x00003eb2       0x28 ./component/uart/fsl_adapter_lpuart.o
 .text.CLOCK_EnableClock
                0x00003eda       0x8c ./board/clock_config.o
 .text.BOARD_InitBootClocks
                0x00003f66        0xc ./board/clock_config.o
                0x00003f66                BOARD_InitBootClocks
 .text.SPC_EnableActiveModeAnalogModules
                0x00003f72       0x26 ./board/hardware_init.o
 .text.CLOCK_EnableClock
                0x00003f98       0x8c ./board/pin_mux.o
 .text.__main   0x00004024        0xe /usr/local/mcuxpressoide-25.6.136/ide/plugins/com.nxp.mcuxpresso.tools.linux_25.6.0.202501151204/tools/bin/../lib/gcc/arm-none-eabi/14.2.1/../../../../arm-none-eabi/lib/thumb/v8-m.main+fp/hard/libcr_nohost_nf.a(_cr__main.o)
                0x00004024                __main
 .text.memset   0x00004032        0x4 /usr/local/mcuxpressoide-25.6.136/ide/plugins/com.nxp.mcuxpresso.tools.linux_25.6.0.202501151204/tools/bin/../lib/gcc/arm-none-eabi/14.2.1/../../../../arm-none-eabi/lib/thumb/v8-m.main+fp/hard/libcr_c.a(memset.o)
                0x00004032                memset
 .text.free     0x00004036       0x30 /usr/local/mcuxpressoide-25.6.136/ide/plugins/com.nxp.mcuxpresso.tools.linux_25.6.0.202501151204/tools/bin/../lib/gcc/arm-none-eabi/14.2.1/../../../../arm-none-eabi/lib/thumb/v8-m.main+fp/hard/libcr_c.a(alloc.o)
                0x00004036                free
 .text.setvbuf  0x00004066       0x3e /usr/local/mcuxpressoide-25.6.136/ide/plugins/com.nxp.mcuxpresso.tools.linux_25.6.0.202501151204/tools/bin/../lib/gcc/arm-none-eabi/14.2.1/../../../../arm-none-eabi/lib/thumb/v8-m.main+fp/hard/libcr_c.a(setvbuf.o)
                0x00004066                setvbuf
 .text.strlen   0x000040a4       0x4e /usr/local/mcuxpressoide-25.6.136/ide/plugins/com.nxp.mcuxpresso.tools.linux_25.6.0.202501151204/tools/bin/../lib/gcc/arm-none-eabi/14.2.1/../../../../arm-none-eabi/lib/thumb/v8-m.main+fp/hard/libcr_c.a(strlen.o)
                0x000040a4                strlen
 .text._deferredlazyseek
                0x000040f2       0x40 /usr/local/mcuxpressoide-25.6.136/ide/plugins/com.nxp.mcuxpresso.tools.linux_25.6.0.202501151204/tools/bin/../lib/gcc/arm-none-eabi/14.2.1/../../../../arm-none-eabi/lib/thumb/v8-m.main+fp/hard/libcr_c.a(_deferredlazyseek.o)
                0x000040f2                _deferredlazyseek
 .text._fdopen  0x00004132       0x68 /usr/local/mcuxpressoide-25.6.136/ide/plugins/com.nxp.mcuxpresso.tools.linux_25.6.0.202501151204/tools/bin/../lib/gcc/arm-none-eabi/14.2.1/../../../../arm-none-eabi/lib/thumb/v8-m.main+fp/hard/libcr_c.a(_fdopen.o)
                0x00004132                _fdopen
 .text._fflush  0x0000419a       0x52 /usr/local/mcuxpressoide-25.6.136/ide/plugins/com.nxp.mcuxpresso.tools.linux_25.6.0.202501151204/tools/bin/../lib/gcc/arm-none-eabi/14.2.1/../../../../arm-none-eabi/lib/thumb/v8-m.main+fp/hard/libcr_c.a(_fflush.o)
                0x0000419a                _fflush
 .text.fclose   0x000041ec       0x58 /usr/local/mcuxpressoide-25.6.136/ide/plugins/com.nxp.mcuxpresso.tools.linux_25.6.0.202501151204/tools/bin/../lib/gcc/arm-none-eabi/14.2.1/../../../../arm-none-eabi/lib/thumb/v8-m.main+fp/hard/libcr_c.a(fclose.o)
                0x000041ec                fclose
 .text.remove   0x00004244       0x14 /usr/local/mcuxpressoide-25.6.136/ide/plugins/com.nxp.mcuxpresso.tools.linux_25.6.0.202501151204/tools/bin/../lib/gcc/arm-none-eabi/14.2.1/../../../../arm-none-eabi/lib/thumb/v8-m.main+fp/hard/libcr_c.a(remove.o)
                0x00004244                remove
 .text._do_fflush
                0x00004258       0x40 /usr/local/mcuxpressoide-25.6.136/ide/plugins/com.nxp.mcuxpresso.tools.linux_25.6.0.202501151204/tools/bin/../lib/gcc/arm-none-eabi/14.2.1/../../../../arm-none-eabi/lib/thumb/v8-m.main+fp/hard/libcr_c.a(_do_fflush.o)
                0x00004258                _do_fflush
 .text.__aeabi_division_uldivmod
                0x00004298      0x174 /usr/local/mcuxpressoide-25.6.136/ide/plugins/com.nxp.mcuxpresso.tools.linux_25.6.0.202501151204/tools/bin/../lib/gcc/arm-none-eabi/14.2.1/thumb/v8-m.main+fp/hard/libcr_eabihelpers.a(division_64.o)
                0x00004298                __aeabi_uldivmod
                0x0000429c                __bhs_ldivmod1
 .text.__aeabi_division_idiv0
                0x0000440c        0x2 /usr/local/mcuxpressoide-25.6.136/ide/plugins/com.nxp.mcuxpresso.tools.linux_25.6.0.202501151204/tools/bin/../lib/gcc/arm-none-eabi/14.2.1/thumb/v8-m.main+fp/hard/libcr_eabihelpers.a(division_idiv0.o)
                0x0000440c                __aeabi_idiv0
 .text.__bhs_ui2d
                0x0000440e       0x46 /usr/local/mcuxpressoide-25.6.136/ide/plugins/com.nxp.mcuxpresso.tools.linux_25.6.0.202501151204/tools/bin/../lib/gcc/arm-none-eabi/14.2.1/thumb/v8-m.main+fp/hard/libcr_eabihelpers.a(double.o)
                0x0000440e                __bhs_ui2d
 .text.__aeabi_ui2d
                0x00004454        0x8 /usr/local/mcuxpressoide-25.6.136/ide/plugins/com.nxp.mcuxpresso.tools.linux_25.6.0.202501151204/tools/bin/../lib/gcc/arm-none-eabi/14.2.1/thumb/v8-m.main+fp/hard/libcr_eabihelpers.a(double.o)
                0x00004454                __aeabi_ui2d
 .text.__aeabi_f2ulz
                0x0000445c       0x3e /usr/local/mcuxpressoide-25.6.136/ide/plugins/com.nxp.mcuxpresso.tools.linux_25.6.0.202501151204/tools/bin/../lib/gcc/arm-none-eabi/14.2.1/thumb/v8-m.main+fp/hard/libcr_eabihelpers.a(float.o)
                0x0000445c                __aeabi_f2ulz
 .text.__aeabi_memset_lowlevel
                0x0000449a       0x32 /usr/local/mcuxpressoide-25.6.136/ide/plugins/com.nxp.mcuxpresso.tools.linux_25.6.0.202501151204/tools/bin/../lib/gcc/arm-none-eabi/14.2.1/thumb/v8-m.main+fp/hard/libcr_eabihelpers.a(memcpy.o)
                0x0000449a                __aeabi_lowlevel_memset
 .text.__sys_close
                0x000044cc        0x6 /usr/local/mcuxpressoide-25.6.136/ide/plugins/com.nxp.mcuxpresso.tools.linux_25.6.0.202501151204/tools/bin/../lib/gcc/arm-none-eabi/14.2.1/../../../../arm-none-eabi/lib/thumb/v8-m.main+fp/hard/libcr_nohost_nf.a(__sys_close.o)
                0x000044cc                __sys_close
 .text.__sys_flen
                0x000044d2        0x6 /usr/local/mcuxpressoide-25.6.136/ide/plugins/com.nxp.mcuxpresso.tools.linux_25.6.0.202501151204/tools/bin/../lib/gcc/arm-none-eabi/14.2.1/../../../../arm-none-eabi/lib/thumb/v8-m.main+fp/hard/libcr_nohost_nf.a(__sys_flen.o)
                0x000044d2                __sys_flen
 .text.__sys_istty
                0x000044d8        0x6 /usr/local/mcuxpressoide-25.6.136/ide/plugins/com.nxp.mcuxpresso.tools.linux_25.6.0.202501151204/tools/bin/../lib/gcc/arm-none-eabi/14.2.1/../../../../arm-none-eabi/lib/thumb/v8-m.main+fp/hard/libcr_nohost_nf.a(__sys_istty.o)
                0x000044d8                __sys_istty
 .text.__sys_remove
                0x000044de        0x6 /usr/local/mcuxpressoide-25.6.136/ide/plugins/com.nxp.mcuxpresso.tools.linux_25.6.0.202501151204/tools/bin/../lib/gcc/arm-none-eabi/14.2.1/../../../../arm-none-eabi/lib/thumb/v8-m.main+fp/hard/libcr_nohost_nf.a(__sys_remove.o)
                0x000044de                __sys_remove
 .text.__sys_seek
                0x000044e4        0x6 /usr/local/mcuxpressoide-25.6.136/ide/plugins/com.nxp.mcuxpresso.tools.linux_25.6.0.202501151204/tools/bin/../lib/gcc/arm-none-eabi/14.2.1/../../../../arm-none-eabi/lib/thumb/v8-m.main+fp/hard/libcr_nohost_nf.a(__sys_seek.o)
                0x000044e4                __sys_seek
 .text.__sys_tmpnam
                0x000044ea        0x6 /usr/local/mcuxpressoide-25.6.136/ide/plugins/com.nxp.mcuxpresso.tools.linux_25.6.0.202501151204/tools/bin/../lib/gcc/arm-none-eabi/14.2.1/../../../../arm-none-eabi/lib/thumb/v8-m.main+fp/hard/libcr_nohost_nf.a(__sys_tmpnam.o)
                0x000044ea                __sys_tmpnam
 .text.__sys_write
                0x000044f0        0x4 /usr/local/mcuxpressoide-25.6.136/ide/plugins/com.nxp.mcuxpresso.tools.linux_25.6.0.202501151204/tools/bin/../lib/gcc/arm-none-eabi/14.2.1/../../../../arm-none-eabi/lib/thumb/v8-m.main+fp/hard/libcr_nohost_nf.a(__sys_write.o)
                0x000044f0                __sys_write
 *(SORT_BY_ALIGNMENT(.rodata) SORT_BY_ALIGNMENT(.rodata.*) SORT_BY_ALIGNMENT(.constdata) SORT_BY_ALIGNMENT(.constdata.*))
 .rodata.__assertion_failed.str1.4
                0x000044f4      0xa91 ./utilities/fsl_assert.o
                                 0x14 (size before relaxing)
 .rodata.LPADC_EnableInterrupts.str1.4
                0x00004f85       0xc4 ./source/lpadc_interrupt.o
 .rodata.main.str1.4
                0x00004f85       0x95 ./source/lpadc_interrupt.o
 .rodata.SDK_DelayAtLeastUs.str1.4
                0x00004f85       0x2b ./drivers/fsl_common_arm.o
 *fill*         0x00004f85        0x3 ff
 .rodata.s_lpadcBases
                0x00004f88        0x8 ./drivers/fsl_lpadc.o
 .rodata.s_lpadcClocks
                0x00004f90        0x4 ./drivers/fsl_lpadc.o
 .rodata.s_lpadcResets
                0x00004f94        0x8 ./drivers/fsl_lpadc.o
 .rodata.LPADC_GetInstance.str1.4
                0x00004f9c       0x36 ./drivers/fsl_lpadc.o
 .rodata.LPADC_Init.str1.4
                0x00004f9c       0x21 ./drivers/fsl_lpadc.o
 .rodata.LPADC_GetConvResult.str1.4
                0x00004f9c       0x21 ./drivers/fsl_lpadc.o
 .rodata.LPADC_SetConvTriggerConfig.str1.4
                0x00004f9c       0x51 ./drivers/fsl_lpadc.o
 .rodata.LPADC_GetDefaultConvTriggerConfig.str1.4
                0x00004f9c       0x21 ./drivers/fsl_lpadc.o
 .rodata.LPADC_SetConvCommandConfig.str1.4
                0x00004f9c      0x1ac ./drivers/fsl_lpadc.o
 .rodata.LPADC_GetDefaultConvCommandConfig.str1.4
                0x00004f9c       0x21 ./drivers/fsl_lpadc.o
 .rodata.LPADC_PrepareAutoCalibration.str1.4
                0x00004f9c       0x69 ./drivers/fsl_lpadc.o
 .rodata.s_lpflexcommBase
                0x00004f9c       0x28 ./drivers/fsl_lpflexcomm.o
 .rodata.s_lpflexcommClocks
                0x00004fc4       0x14 ./drivers/fsl_lpflexcomm.o
 .rodata.s_lpflexcommResets
                0x00004fd8       0x28 ./drivers/fsl_lpflexcomm.o
 .rodata.LP_FLEXCOMM_SetPeriph.str1.4
                0x00005000       0x43 ./drivers/fsl_lpflexcomm.o
 .rodata.LP_FLEXCOMM_Init.str1.4
                0x00005000       0x49 ./drivers/fsl_lpflexcomm.o
 .rodata.s_lpuartBases
                0x00005000       0x28 ./drivers/fsl_lpuart.o
 .rodata.LPUART_GetInstance.str1.4
                0x00005028       0x38 ./drivers/fsl_lpuart.o
 .rodata.LPUART_Init.str1.4
                0x00005028      0x10a ./drivers/fsl_lpuart.o
 .rodata.LPUART_GetDefaultConfig.str1.4
                0x00005028       0x22 ./drivers/fsl_lpuart.o
 .rodata.LPUART_WriteBlocking.str1.4
                0x00005028       0x21 ./drivers/fsl_lpuart.o
 .rodata.LPUART_ReadBlocking.str1.4
                0x00005028       0x21 ./drivers/fsl_lpuart.o
 .rodata.RESET_ClearPeripheralReset.str1.4
                0x00005028       0x1e ./drivers/fsl_reset.o
 .rodata.SPC_SetSRAMOperateVoltage.str1.4
                0x00005028       0x1f ./drivers/fsl_spc.o
 .rodata.SPC_SetActiveModeCoreLDORegulatorConfig.str1.4
                0x00005028       0x1f ./drivers/fsl_spc.o
 .rodata.SPC_SetActiveModeDCDCRegulatorConfig.str1.4
                0x00005028       0x20 ./drivers/fsl_spc.o
 .rodata.VREF_GetInstance.str1.4
                0x00005028       0x33 ./drivers/fsl_vref.o
 .rodata.VREF_Init.str1.4
                0x00005028       0x1f ./drivers/fsl_vref.o
 .rodata.VREF_GetDefaultConfig.str1.4
                0x00005028       0x20 ./drivers/fsl_vref.o
 .rodata.s_LpuartAdapterBase
                0x00005028       0x28 ./component/uart/fsl_adapter_lpuart.o
 .rodata.HAL_UartInit.str1.4
                0x00005050      0x116 ./component/uart/fsl_adapter_lpuart.o
 .rodata.HAL_UartReceiveBlocking.str1.4
                0x00005050       0x7b ./component/uart/fsl_adapter_lpuart.o
 .rodata.HAL_UartSendBlocking.str1.4
                0x00005050       0x7b ./component/uart/fsl_adapter_lpuart.o
 .rodata        0x00005050       0x22 ./board/clock_config.o
 .rodata.PORT_SetPinConfig.str1.4
                0x00005072       0x7d ./board/pin_mux.o
 *fill*         0x00005072        0x2 ff
 .rodata.__num_Ciob_streams
                0x00005074        0x4 /usr/local/mcuxpressoide-25.6.136/ide/plugins/com.nxp.mcuxpresso.tools.linux_25.6.0.202501151204/tools/bin/../lib/gcc/arm-none-eabi/14.2.1/../../../../arm-none-eabi/lib/thumb/v8-m.main+fp/hard/libcr_nohost_nf.a(__ciob.o)
                0x00005074                __num_Ciob_streams
 .rodata._initio.str1.1
                0x00005078        0x4 /usr/local/mcuxpressoide-25.6.136/ide/plugins/com.nxp.mcuxpresso.tools.linux_25.6.0.202501151204/tools/bin/../lib/gcc/arm-none-eabi/14.2.1/../../../../arm-none-eabi/lib/thumb/v8-m.main+fp/hard/libcr_c.a(initio.o)
                0x0000507c                        . = ALIGN (0x4)

.glue_7         0x0000507c        0x0
 .glue_7        0x0000507c        0x0 linker stubs

.glue_7t        0x0000507c        0x0
 .glue_7t       0x0000507c        0x0 linker stubs

.vfp11_veneer   0x0000507c        0x0
 .vfp11_veneer  0x0000507c        0x0 linker stubs

.v4_bx          0x0000507c        0x0
 .v4_bx         0x0000507c        0x0 linker stubs

.iplt           0x0000507c        0x0
 .iplt          0x0000507c        0x0 ./utilities/debug_console_lite/fsl_debug_console.o

.rel.dyn        0x0000507c        0x0
 .rel.iplt      0x0000507c        0x0 ./utilities/debug_console_lite/fsl_debug_console.o

.ARM.extab
 *(SORT_BY_ALIGNMENT(.ARM.extab*) SORT_BY_ALIGNMENT(.gnu.linkonce.armextab.*))

.ARM.exidx      0x0000507c        0x0
                0x0000507c                        __exidx_start = .
 *(SORT_BY_ALIGNMENT(.ARM.exidx*) SORT_BY_ALIGNMENT(.gnu.linkonce.armexidx.*))
                0x0000507c                        __exidx_end = .
                0x0000507c                        _etext = .

.m_usb_data
 *(SORT_BY_ALIGNMENT(m_usb_global))

.data_RAM2      0x04000000        0x0 load address 0x0000507c
 FILL mask 0xff
                [!provide]                        PROVIDE (__start_data_RAM2 = .)
                [!provide]                        PROVIDE (__start_data_SRAMX = .)
 *(SORT_BY_ALIGNMENT(.ramfunc.$RAM2))
 *(SORT_BY_ALIGNMENT(.ramfunc.$SRAMX))
 *(SORT_BY_ALIGNMENT(.data.$RAM2))
 *(SORT_BY_ALIGNMENT(.data.$SRAMX))
 *(SORT_BY_ALIGNMENT(.data.$RAM2.*))
 *(SORT_BY_ALIGNMENT(.data.$SRAMX.*))
                0x04000000                        . = ALIGN (0x4)
                [!provide]                        PROVIDE (__end_data_RAM2 = .)
                [!provide]                        PROVIDE (__end_data_SRAMX = .)

.data_RAM3      0x20060000        0x0 load address 0x0000507c
 FILL mask 0xff
                [!provide]                        PROVIDE (__start_data_RAM3 = .)
                [!provide]                        PROVIDE (__start_data_SRAMH = .)
 *(SORT_BY_ALIGNMENT(.ramfunc.$RAM3))
 *(SORT_BY_ALIGNMENT(.ramfunc.$SRAMH))
 *(SORT_BY_ALIGNMENT(.data.$RAM3))
 *(SORT_BY_ALIGNMENT(.data.$SRAMH))
 *(SORT_BY_ALIGNMENT(.data.$RAM3.*))
 *(SORT_BY_ALIGNMENT(.data.$SRAMH.*))
                0x20060000                        . = ALIGN (0x4)
                [!provide]                        PROVIDE (__end_data_RAM3 = .)
                [!provide]                        PROVIDE (__end_data_SRAMH = .)

.data_RAM4      0x400ba000        0x0 load address 0x0000507c
 FILL mask 0xff
                [!provide]                        PROVIDE (__start_data_RAM4 = .)
                [!provide]                        PROVIDE (__start_data_USB_RAM = .)
 *(SORT_BY_ALIGNMENT(.ramfunc.$RAM4))
 *(SORT_BY_ALIGNMENT(.ramfunc.$USB_RAM))
 *(SORT_BY_ALIGNMENT(.data.$RAM4))
 *(SORT_BY_ALIGNMENT(.data.$USB_RAM))
 *(SORT_BY_ALIGNMENT(.data.$RAM4.*))
 *(SORT_BY_ALIGNMENT(.data.$USB_RAM.*))
                0x400ba000                        . = ALIGN (0x4)
                [!provide]                        PROVIDE (__end_data_RAM4 = .)
                [!provide]                        PROVIDE (__end_data_USB_RAM = .)

.uninit_RESERVED
                0x20000000        0x0
                0x20000000                        _start_uninit_RESERVED = .
 *(SORT_BY_ALIGNMENT(.bss.$RESERVED*))
                0x20000000                        . = ALIGN (0x4)
                0x20000000                        _end_uninit_RESERVED = .

.data           0x20000000        0xc load address 0x0000507c
 FILL mask 0xff
                0x20000000                        _data = .
                [!provide]                        PROVIDE (__start_data_RAM = .)
                [!provide]                        PROVIDE (__start_data_SRAM = .)
 *(SORT_BY_ALIGNMENT(vtable))
 *(SORT_BY_ALIGNMENT(.ramfunc*))
 *(SORT_BY_ALIGNMENT(CodeQuickAccess))
 *(SORT_BY_ALIGNMENT(DataQuickAccess))
 *(SORT_BY_ALIGNMENT(RamFunction))
 *(SORT_BY_ALIGNMENT(.data*))
 .data.s_Ext_Clk_Freq
                0x20000000        0x4 ./drivers/fsl_clock.o
 .data.s_Xtal32_Freq
                0x20000004        0x4 ./drivers/fsl_clock.o
 .data.SystemCoreClock
                0x20000008        0x4 ./device/system_MCXN947_cm33_core0.o
                0x20000008                SystemCoreClock
                0x2000000c                        . = ALIGN (0x4)
                0x2000000c                        _edata = .
                [!provide]                        PROVIDE (__end_data_RAM = .)
                [!provide]                        PROVIDE (__end_data_SRAM = .)

.igot.plt       0x2000000c        0x0 load address 0x00005088
 .igot.plt      0x2000000c        0x0 ./utilities/debug_console_lite/fsl_debug_console.o

.bss_RAM2       0x04000000        0x0
                [!provide]                        PROVIDE (__start_bss_RAM2 = .)
                [!provide]                        PROVIDE (__start_bss_SRAMX = .)
 *(SORT_BY_ALIGNMENT(.bss.$RAM2))
 *(SORT_BY_ALIGNMENT(.bss.$SRAMX))
 *(SORT_BY_ALIGNMENT(.bss.$RAM2.*))
 *(SORT_BY_ALIGNMENT(.bss.$SRAMX.*))
                0x04000000                        . = ALIGN ((. != 0x0)?0x4:0x1)
                [!provide]                        PROVIDE (__end_bss_RAM2 = .)
                [!provide]                        PROVIDE (__end_bss_SRAMX = .)

.bss_RAM3       0x20060000        0x0
                [!provide]                        PROVIDE (__start_bss_RAM3 = .)
                [!provide]                        PROVIDE (__start_bss_SRAMH = .)
 *(SORT_BY_ALIGNMENT(.bss.$RAM3))
 *(SORT_BY_ALIGNMENT(.bss.$SRAMH))
 *(SORT_BY_ALIGNMENT(.bss.$RAM3.*))
 *(SORT_BY_ALIGNMENT(.bss.$SRAMH.*))
                0x20060000                        . = ALIGN ((. != 0x0)?0x4:0x1)
                [!provide]                        PROVIDE (__end_bss_RAM3 = .)
                [!provide]                        PROVIDE (__end_bss_SRAMH = .)

.bss_RAM4       0x400ba000        0x0
                [!provide]                        PROVIDE (__start_bss_RAM4 = .)
                [!provide]                        PROVIDE (__start_bss_USB_RAM = .)
 *(SORT_BY_ALIGNMENT(.bss.$RAM4))
 *(SORT_BY_ALIGNMENT(.bss.$USB_RAM))
 *(SORT_BY_ALIGNMENT(.bss.$RAM4.*))
 *(SORT_BY_ALIGNMENT(.bss.$USB_RAM.*))
                0x400ba000                        . = ALIGN ((. != 0x0)?0x4:0x1)
                [!provide]                        PROVIDE (__end_bss_RAM4 = .)
                [!provide]                        PROVIDE (__end_bss_USB_RAM = .)

.bss            0x2000000c      0x224
                0x2000000c                        _bss = .
                [!provide]                        PROVIDE (__start_bss_RAM = .)
                [!provide]                        PROVIDE (__start_bss_SRAM = .)
 *(SORT_BY_ALIGNMENT(.bss*))
 .bss.s_debugConsole
                0x2000000c       0x14 ./utilities/debug_console_lite/fsl_debug_console.o
 .bss.g_LpadcInterruptCounter
                0x20000020        0x4 ./source/lpadc_interrupt.o
                0x20000020                g_LpadcInterruptCounter
 .bss.g_LpadcResultConfigStruct
                0x20000024       0x10 ./source/lpadc_interrupt.o
                0x20000024                g_LpadcResultConfigStruct
 .bss.s_lpflexcommIrqHandler
                0x20000034       0xa0 ./drivers/fsl_lpflexcomm.o
 .bss.s_lpflexcommHandle
                0x200000d4       0xa0 ./drivers/fsl_lpflexcomm.o
 .bss.errno     0x20000174        0x4 /usr/local/mcuxpressoide-25.6.136/ide/plugins/com.nxp.mcuxpresso.tools.linux_25.6.0.202501151204/tools/bin/../lib/gcc/arm-none-eabi/14.2.1/../../../../arm-none-eabi/lib/thumb/v8-m.main+fp/hard/libcr_c.a(errno.o)
                0x20000174                errno
 .bss.__Ciob    0x20000178       0xb4 /usr/local/mcuxpressoide-25.6.136/ide/plugins/com.nxp.mcuxpresso.tools.linux_25.6.0.202501151204/tools/bin/../lib/gcc/arm-none-eabi/14.2.1/../../../../arm-none-eabi/lib/thumb/v8-m.main+fp/hard/libcr_nohost_nf.a(__ciob.o)
                0x20000178                __Ciob
 .bss.g_LpadcConversionCompletedFlag
                0x2000022c        0x1 ./source/lpadc_interrupt.o
                0x2000022c                g_LpadcConversionCompletedFlag
 *(SORT_BY_ALIGNMENT(COMMON))
                0x20000230                        . = ALIGN (0x4)
 *fill*         0x2000022d        0x3 
                0x20000230                        _ebss = .
                [!provide]                        PROVIDE (__end_bss_RAM = .)
                [!provide]                        PROVIDE (__end_bss_SRAM = .)
                [!provide]                        PROVIDE (end = .)

.noinit_RAM2    0x04000000        0x0
                [!provide]                        PROVIDE (__start_noinit_RAM2 = .)
                [!provide]                        PROVIDE (__start_noinit_SRAMX = .)
 *(SORT_BY_ALIGNMENT(.noinit.$RAM2))
 *(SORT_BY_ALIGNMENT(.noinit.$SRAMX))
 *(SORT_BY_ALIGNMENT(.noinit.$RAM2.*))
 *(SORT_BY_ALIGNMENT(.noinit.$SRAMX.*))
                0x04000000                        . = ALIGN (0x4)
                [!provide]                        PROVIDE (__end_noinit_RAM2 = .)
                [!provide]                        PROVIDE (__end_noinit_SRAMX = .)

.noinit_RAM3    0x20060000        0x0
                [!provide]                        PROVIDE (__start_noinit_RAM3 = .)
                [!provide]                        PROVIDE (__start_noinit_SRAMH = .)
 *(SORT_BY_ALIGNMENT(.noinit.$RAM3))
 *(SORT_BY_ALIGNMENT(.noinit.$SRAMH))
 *(SORT_BY_ALIGNMENT(.noinit.$RAM3.*))
 *(SORT_BY_ALIGNMENT(.noinit.$SRAMH.*))
                0x20060000                        . = ALIGN (0x4)
                [!provide]                        PROVIDE (__end_noinit_RAM3 = .)
                [!provide]                        PROVIDE (__end_noinit_SRAMH = .)

.noinit_RAM4    0x400ba000        0x0
                [!provide]                        PROVIDE (__start_noinit_RAM4 = .)
                [!provide]                        PROVIDE (__start_noinit_USB_RAM = .)
 *(SORT_BY_ALIGNMENT(.noinit.$RAM4))
 *(SORT_BY_ALIGNMENT(.noinit.$USB_RAM))
 *(SORT_BY_ALIGNMENT(.noinit.$RAM4.*))
 *(SORT_BY_ALIGNMENT(.noinit.$USB_RAM.*))
                0x400ba000                        . = ALIGN (0x4)
                [!provide]                        PROVIDE (__end_noinit_RAM4 = .)
                [!provide]                        PROVIDE (__end_noinit_USB_RAM = .)

.noinit         0x20000230        0x0
                0x20000230                        _noinit = .
                [!provide]                        PROVIDE (__start_noinit_RAM = .)
                [!provide]                        PROVIDE (__start_noinit_SRAM = .)
 *(SORT_BY_ALIGNMENT(.noinit*))
                0x20000230                        . = ALIGN (0x4)
                0x20000230                        _end_noinit = .
                [!provide]                        PROVIDE (__end_noinit_RAM = .)
                [!provide]                        PROVIDE (__end_noinit_SRAM = .)
                0x00001000                        _HeapSize = 0x1000

.heap           0x20000230     0x1000
                0x20000230                        _pvHeapStart = .
                0x20001230                        . = (. + _HeapSize)
 *fill*         0x20000230     0x1000 
                0x20001230                        . = ALIGN (0x4)
                0x20001230                        _pvHeapLimit = .
                0x00001000                        _StackSize = 0x1000

.heap2stackfill
                0x20001230     0x1000
                0x20002230                        . = (. + _StackSize)
 *fill*         0x20001230     0x1000 

.stack          0x2005f000        0x0
                0x2005f000                        _vStackBase = .
                0x2005f000                        . = ALIGN (0x4)
                0x20060000                        _vStackTop = (. + _StackSize)
                0x00000000                        _image_start = LOADADDR (.text)
                0x00005088                        _image_end = (LOADADDR (.data) + SIZEOF (.data))
                0x00005088                        _image_size = (_image_end - _image_start)
OUTPUT(frdmmcxn947_lpadc_interrupt_cm33_core0.axf elf32-littlearm)
LOAD linker stubs

.debug_info     0x00000000    0x2347a
 .debug_info    0x00000000      0xd18 ./utilities/debug_console_lite/fsl_debug_console.o
 .debug_info    0x00000d18      0x12e ./utilities/fsl_assert.o
 .debug_info    0x00000e46       0x24 ./utilities/fsl_memcpy.o
 .debug_info    0x00000e6a     0x14b6 ./startup/startup_mcxn947_cm33_core0.o
 .debug_info    0x00002320     0x14d6 ./source/lpadc_interrupt.o
 .debug_info    0x000037f6       0x3c ./source/semihost_hardfault.o
 .debug_info    0x00003832     0x51bf ./drivers/fsl_clock.o
 .debug_info    0x000089f1      0x38b ./drivers/fsl_common_arm.o
 .debug_info    0x00008d7c     0x2885 ./drivers/fsl_lpadc.o
 .debug_info    0x0000b601     0x2341 ./drivers/fsl_lpflexcomm.o
 .debug_info    0x0000d942     0x2401 ./drivers/fsl_lpuart.o
 .debug_info    0x0000fd43     0x12a2 ./drivers/fsl_reset.o
 .debug_info    0x00010fe5     0x1a73 ./drivers/fsl_spc.o
 .debug_info    0x00012a58     0x19e5 ./drivers/fsl_vref.o
 .debug_info    0x0001443d     0x192c ./device/system_MCXN947_cm33_core0.o
 .debug_info    0x00015d69      0xe71 ./component/uart/fsl_adapter_lpuart.o
 .debug_info    0x00016bda     0x12da ./board/board.o
 .debug_info    0x00017eb4     0x2768 ./board/clock_config.o
 .debug_info    0x0001a61c     0x114a ./board/hardware_init.o
 .debug_info    0x0001b766     0x170b ./board/pin_mux.o
 .debug_info    0x0001ce71       0x85 /usr/local/mcuxpressoide-25.6.136/ide/plugins/com.nxp.mcuxpresso.tools.linux_25.6.0.202501151204/tools/bin/../lib/gcc/arm-none-eabi/14.2.1/../../../../arm-none-eabi/lib/thumb/v8-m.main+fp/hard/libcr_nohost_nf.a(_cr__main.o)
 .debug_info    0x0001cef6       0xfc /usr/local/mcuxpressoide-25.6.136/ide/plugins/com.nxp.mcuxpresso.tools.linux_25.6.0.202501151204/tools/bin/../lib/gcc/arm-none-eabi/14.2.1/../../../../arm-none-eabi/lib/thumb/v8-m.main+fp/hard/libcr_c.a(memset.o)
 .debug_info    0x0001cff2      0x520 /usr/local/mcuxpressoide-25.6.136/ide/plugins/com.nxp.mcuxpresso.tools.linux_25.6.0.202501151204/tools/bin/../lib/gcc/arm-none-eabi/14.2.1/../../../../arm-none-eabi/lib/thumb/v8-m.main+fp/hard/libcr_c.a(alloc.o)
 .debug_info    0x0001d512       0x44 /usr/local/mcuxpressoide-25.6.136/ide/plugins/com.nxp.mcuxpresso.tools.linux_25.6.0.202501151204/tools/bin/../lib/gcc/arm-none-eabi/14.2.1/../../../../arm-none-eabi/lib/thumb/v8-m.main+fp/hard/libcr_c.a(errno.o)
 .debug_info    0x0001d556      0x339 /usr/local/mcuxpressoide-25.6.136/ide/plugins/com.nxp.mcuxpresso.tools.linux_25.6.0.202501151204/tools/bin/../lib/gcc/arm-none-eabi/14.2.1/../../../../arm-none-eabi/lib/thumb/v8-m.main+fp/hard/libcr_c.a(initio.o)
 .debug_info    0x0001d88f      0x1fd /usr/local/mcuxpressoide-25.6.136/ide/plugins/com.nxp.mcuxpresso.tools.linux_25.6.0.202501151204/tools/bin/../lib/gcc/arm-none-eabi/14.2.1/../../../../arm-none-eabi/lib/thumb/v8-m.main+fp/hard/libcr_c.a(setvbuf.o)
 .debug_info    0x0001da8c       0xe1 /usr/local/mcuxpressoide-25.6.136/ide/plugins/com.nxp.mcuxpresso.tools.linux_25.6.0.202501151204/tools/bin/../lib/gcc/arm-none-eabi/14.2.1/../../../../arm-none-eabi/lib/thumb/v8-m.main+fp/hard/libcr_c.a(strlen.o)
 .debug_info    0x0001db6d      0x396 /usr/local/mcuxpressoide-25.6.136/ide/plugins/com.nxp.mcuxpresso.tools.linux_25.6.0.202501151204/tools/bin/../lib/gcc/arm-none-eabi/14.2.1/../../../../arm-none-eabi/lib/thumb/v8-m.main+fp/hard/libcr_c.a(_deferredlazyseek.o)
 .debug_info    0x0001df03      0x24b /usr/local/mcuxpressoide-25.6.136/ide/plugins/com.nxp.mcuxpresso.tools.linux_25.6.0.202501151204/tools/bin/../lib/gcc/arm-none-eabi/14.2.1/../../../../arm-none-eabi/lib/thumb/v8-m.main+fp/hard/libcr_c.a(_fdopen.o)
 .debug_info    0x0001e14e      0x1e3 /usr/local/mcuxpressoide-25.6.136/ide/plugins/com.nxp.mcuxpresso.tools.linux_25.6.0.202501151204/tools/bin/../lib/gcc/arm-none-eabi/14.2.1/../../../../arm-none-eabi/lib/thumb/v8-m.main+fp/hard/libcr_c.a(_fflush.o)
 .debug_info    0x0001e331      0x289 /usr/local/mcuxpressoide-25.6.136/ide/plugins/com.nxp.mcuxpresso.tools.linux_25.6.0.202501151204/tools/bin/../lib/gcc/arm-none-eabi/14.2.1/../../../../arm-none-eabi/lib/thumb/v8-m.main+fp/hard/libcr_c.a(_writebuf.o)
 .debug_info    0x0001e5ba      0x31e /usr/local/mcuxpressoide-25.6.136/ide/plugins/com.nxp.mcuxpresso.tools.linux_25.6.0.202501151204/tools/bin/../lib/gcc/arm-none-eabi/14.2.1/../../../../arm-none-eabi/lib/thumb/v8-m.main+fp/hard/libcr_c.a(fclose.o)
 .debug_info    0x0001e8d8      0x209 /usr/local/mcuxpressoide-25.6.136/ide/plugins/com.nxp.mcuxpresso.tools.linux_25.6.0.202501151204/tools/bin/../lib/gcc/arm-none-eabi/14.2.1/../../../../arm-none-eabi/lib/thumb/v8-m.main+fp/hard/libcr_c.a(fflush.o)
 .debug_info    0x0001eae1      0x276 /usr/local/mcuxpressoide-25.6.136/ide/plugins/com.nxp.mcuxpresso.tools.linux_25.6.0.202501151204/tools/bin/../lib/gcc/arm-none-eabi/14.2.1/../../../../arm-none-eabi/lib/thumb/v8-m.main+fp/hard/libcr_c.a(fseek.o)
 .debug_info    0x0001ed57      0x197 /usr/local/mcuxpressoide-25.6.136/ide/plugins/com.nxp.mcuxpresso.tools.linux_25.6.0.202501151204/tools/bin/../lib/gcc/arm-none-eabi/14.2.1/../../../../arm-none-eabi/lib/thumb/v8-m.main+fp/hard/libcr_c.a(ftell.o)
 .debug_info    0x0001eeee      0x1d7 /usr/local/mcuxpressoide-25.6.136/ide/plugins/com.nxp.mcuxpresso.tools.linux_25.6.0.202501151204/tools/bin/../lib/gcc/arm-none-eabi/14.2.1/../../../../arm-none-eabi/lib/thumb/v8-m.main+fp/hard/libcr_c.a(remove.o)
 .debug_info    0x0001f0c5      0x23a /usr/local/mcuxpressoide-25.6.136/ide/plugins/com.nxp.mcuxpresso.tools.linux_25.6.0.202501151204/tools/bin/../lib/gcc/arm-none-eabi/14.2.1/../../../../arm-none-eabi/lib/thumb/v8-m.main+fp/hard/libcr_c.a(_do_fflush.o)
 .debug_info    0x0001f2ff     0x2159 /usr/local/mcuxpressoide-25.6.136/ide/plugins/com.nxp.mcuxpresso.tools.linux_25.6.0.202501151204/tools/bin/../lib/gcc/arm-none-eabi/14.2.1/thumb/v8-m.main+fp/hard/libcr_eabihelpers.a(double.o)
 .debug_info    0x00021458     0x1b31 /usr/local/mcuxpressoide-25.6.136/ide/plugins/com.nxp.mcuxpresso.tools.linux_25.6.0.202501151204/tools/bin/../lib/gcc/arm-none-eabi/14.2.1/thumb/v8-m.main+fp/hard/libcr_eabihelpers.a(float.o)
 .debug_info    0x00022f89      0x18b /usr/local/mcuxpressoide-25.6.136/ide/plugins/com.nxp.mcuxpresso.tools.linux_25.6.0.202501151204/tools/bin/../lib/gcc/arm-none-eabi/14.2.1/../../../../arm-none-eabi/lib/thumb/v8-m.main+fp/hard/libcr_nohost_nf.a(__ciob.o)
 .debug_info    0x00023114       0x6a /usr/local/mcuxpressoide-25.6.136/ide/plugins/com.nxp.mcuxpresso.tools.linux_25.6.0.202501151204/tools/bin/../lib/gcc/arm-none-eabi/14.2.1/../../../../arm-none-eabi/lib/thumb/v8-m.main+fp/hard/libcr_nohost_nf.a(__sys_close.o)
 .debug_info    0x0002317e       0x6a /usr/local/mcuxpressoide-25.6.136/ide/plugins/com.nxp.mcuxpresso.tools.linux_25.6.0.202501151204/tools/bin/../lib/gcc/arm-none-eabi/14.2.1/../../../../arm-none-eabi/lib/thumb/v8-m.main+fp/hard/libcr_nohost_nf.a(__sys_flen.o)
 .debug_info    0x000231e8       0x6a /usr/local/mcuxpressoide-25.6.136/ide/plugins/com.nxp.mcuxpresso.tools.linux_25.6.0.202501151204/tools/bin/../lib/gcc/arm-none-eabi/14.2.1/../../../../arm-none-eabi/lib/thumb/v8-m.main+fp/hard/libcr_nohost_nf.a(__sys_istty.o)
 .debug_info    0x00023252       0x8a /usr/local/mcuxpressoide-25.6.136/ide/plugins/com.nxp.mcuxpresso.tools.linux_25.6.0.202501151204/tools/bin/../lib/gcc/arm-none-eabi/14.2.1/../../../../arm-none-eabi/lib/thumb/v8-m.main+fp/hard/libcr_nohost_nf.a(__sys_remove.o)
 .debug_info    0x000232dc       0x78 /usr/local/mcuxpressoide-25.6.136/ide/plugins/com.nxp.mcuxpresso.tools.linux_25.6.0.202501151204/tools/bin/../lib/gcc/arm-none-eabi/14.2.1/../../../../arm-none-eabi/lib/thumb/v8-m.main+fp/hard/libcr_nohost_nf.a(__sys_seek.o)
 .debug_info    0x00023354       0x93 /usr/local/mcuxpressoide-25.6.136/ide/plugins/com.nxp.mcuxpresso.tools.linux_25.6.0.202501151204/tools/bin/../lib/gcc/arm-none-eabi/14.2.1/../../../../arm-none-eabi/lib/thumb/v8-m.main+fp/hard/libcr_nohost_nf.a(__sys_tmpnam.o)
 .debug_info    0x000233e7       0x93 /usr/local/mcuxpressoide-25.6.136/ide/plugins/com.nxp.mcuxpresso.tools.linux_25.6.0.202501151204/tools/bin/../lib/gcc/arm-none-eabi/14.2.1/../../../../arm-none-eabi/lib/thumb/v8-m.main+fp/hard/libcr_nohost_nf.a(__sys_write.o)

.debug_abbrev   0x00000000     0x471d
 .debug_abbrev  0x00000000      0x256 ./utilities/debug_console_lite/fsl_debug_console.o
 .debug_abbrev  0x00000256       0xbd ./utilities/fsl_assert.o
 .debug_abbrev  0x00000313       0x14 ./utilities/fsl_memcpy.o
 .debug_abbrev  0x00000327      0x147 ./startup/startup_mcxn947_cm33_core0.o
 .debug_abbrev  0x0000046e      0x306 ./source/lpadc_interrupt.o
 .debug_abbrev  0x00000774       0x31 ./source/semihost_hardfault.o