C:\Users\ferok\Documents\MCUXpressoIDE_25.6.136\workspace_FRDMMCXN947\CTIMER0_GPIO00_LEDRGB-ConInterrupciones\CMSIS/core_cm33.h:2358:22:__NVIC_EnableIRQ	16	static
C:\Users\ferok\Documents\MCUXpressoIDE_25.6.136\workspace_FRDMMCXN947\CTIMER0_GPIO00_LEDRGB-ConInterrupciones\drivers/fsl_common_arm.h:672:24:EnableIRQ	24	static
C:\Users\ferok\Documents\MCUXpressoIDE_25.6.136\workspace_FRDMMCXN947\CTIMER0_GPIO00_LEDRGB-ConInterrupciones\drivers/fsl_spc.h:1093:20:SPC_EnableActiveModeAnalogModules	16	static
../board/peripherals.c:119:13:CTIMER0_init	8	static
../board/peripherals.c:163:13:GPIO0_init	8	static
../board/peripherals.c:224:13:DAC0_init	8	static
../board/peripherals.c:234:6:BOARD_InitPeripherals	8	static
../board/peripherals.c:245:6:BOARD_InitBootPeripherals	8	static
