/home/abel/Documents/MCUXpresso_25.6.136/workspaceMCX/frdmmcxn947_lpadc_interrupt_cm33_core0/CMSIS/core_cm33.h:2358:22:__NVIC_EnableIRQ	16	static
/home/abel/Documents/MCUXpresso_25.6.136/workspaceMCX/frdmmcxn947_lpadc_interrupt_cm33_core0/drivers/fsl_clock.h:1488:20:CLOCK_EnableClock	24	static
/home/abel/Documents/MCUXpresso_25.6.136/workspaceMCX/frdmmcxn947_lpadc_interrupt_cm33_core0/drivers/fsl_common_arm.h:672:24:EnableIRQ	24	static
/home/abel/Documents/MCUXpresso_25.6.136/workspaceMCX/frdmmcxn947_lpadc_interrupt_cm33_core0/drivers/fsl_gpio.h:482:20:GPIO_SetPinInterruptConfig	24	static
/home/abel/Documents/MCUXpresso_25.6.136/workspaceMCX/frdmmcxn947_lpadc_interrupt_cm33_core0/drivers/fsl_lpadc.h:878:24:LPADC_GetStatusFlags	16	static
/home/abel/Documents/MCUXpresso_25.6.136/workspaceMCX/frdmmcxn947_lpadc_interrupt_cm33_core0/drivers/fsl_lpadc.h:891:20:LPADC_ClearStatusFlags	16	static
/home/abel/Documents/MCUXpresso_25.6.136/workspaceMCX/frdmmcxn947_lpadc_interrupt_cm33_core0/drivers/fsl_lpadc.h:904:24:LPADC_GetTriggerStatusFlags	16	static
/home/abel/Documents/MCUXpresso_25.6.136/workspaceMCX/frdmmcxn947_lpadc_interrupt_cm33_core0/drivers/fsl_lpadc.h:916:20:LPADC_ClearTriggerStatusFlags	16	static
/home/abel/Documents/MCUXpresso_25.6.136/workspaceMCX/frdmmcxn947_lpadc_interrupt_cm33_core0/drivers/fsl_lpadc.h:938:20:LPADC_EnableInterrupts	16	static
/home/abel/Documents/MCUXpresso_25.6.136/workspaceMCX/frdmmcxn947_lpadc_interrupt_cm33_core0/drivers/fsl_spc.h:1093:20:SPC_EnableActiveModeAnalogModules	16	static
/home/abel/Documents/MCUXpresso_25.6.136/workspaceMCX/frdmmcxn947_lpadc_interrupt_cm33_core0/drivers/fsl_port.h:463:20:PORT_SetPinMux	24	static
/home/abel/Documents/MCUXpresso_25.6.136/workspaceMCX/frdmmcxn947_lpadc_interrupt_cm33_core0/drivers/fsl_dac.h:284:20:DAC_Enable	16	static
/home/abel/Documents/MCUXpresso_25.6.136/workspaceMCX/frdmmcxn947_lpadc_interrupt_cm33_core0/drivers/fsl_dac.h:393:20:DAC_SetData	16	static
/home/abel/Documents/MCUXpresso_25.6.136/workspaceMCX/frdmmcxn947_lpadc_interrupt_cm33_core0/drivers/fsl_ctimer.h:500:20:CTIMER_ClearStatusFlags	16	static
/home/abel/Documents/MCUXpresso_25.6.136/workspaceMCX/frdmmcxn947_lpadc_interrupt_cm33_core0/drivers/fsl_ctimer.h:517:20:CTIMER_StartTimer	16	static
../source/lpadc_interrupt.c:196:5:main	88	static
../source/lpadc_interrupt.c:326:6:configGpioPin	16	static
../source/lpadc_interrupt.c:357:6:configAdcInt	8	static
../source/lpadc_interrupt.c:372:6:loadData	24	static
../source/lpadc_interrupt.c:382:6:showBuffer	16	static
../source/lpadc_interrupt.c:388:6:configDacPin	8	static
../source/lpadc_interrupt.c:401:6:configDac	40	static
../source/lpadc_interrupt.c:411:6:configClocks	8	static
../source/lpadc_interrupt.c:441:6:configMat3Pin	8	static
../source/lpadc_interrupt.c:455:6:configTimerMatch	32	static
../source/lpadc_interrupt.c:512:6:ADC0_IRQHandler	32	static
../source/lpadc_interrupt.c:542:6:GPIO00_IRQHandler	8	static
../source/lpadc_interrupt.c:557:6:setNewMatch	16	static
../source/lpadc_interrupt.c:580:6:showSamplesInDAC	8	static
../source/lpadc_interrupt.c:590:6:showDataInDAC	8	static
